// Jest Snapshot v1, https://goo.gl/fbAQLP

exports[`Appbar does not pass any additional props to Searchbar 1`] = `
<View
  collapsable={false}
  style={
    {
      "backgroundColor": "rgba(255, 251, 254, 1)",
      "height": 64,
      "shadowColor": "#000",
      "shadowOffset": {
        "height": 0,
        "width": 0,
      },
      "shadowOpacity": 0,
      "shadowRadius": 0,
    }
  }
  testID="surface-outer-layer"
>
  <View
    collapsable={false}
    style={
      {
        "alignItems": "center",
        "backgroundColor": "rgba(255, 251, 254, 1)",
        "flex": 1,
        "flexDirection": "row",
        "paddingBottom": undefined,
        "paddingHorizontal": 4,
        "paddingLeft": undefined,
        "paddingRight": undefined,
        "paddingTop": undefined,
        "shadowColor": "#000",
        "shadowOffset": {
          "height": 0,
          "width": 0,
        },
        "shadowOpacity": 0,
        "shadowRadius": 0,
      }
    }
    testID="surface"
  >
    <View
      collapsable={false}
      style={
        {
          "backgroundColor": "rgb(238, 232, 244)",
          "borderRadius": 28,
          "shadowColor": "#000",
          "shadowOffset": {
            "height": 0,
            "width": 0,
          },
          "shadowOpacity": 0,
          "shadowRadius": 0,
        }
      }
      testID="search-bar-container-outer-layer"
    >
      <View
        collapsable={false}
        style={
          {
            "alignItems": "center",
            "backgroundColor": "rgb(238, 232, 244)",
            "borderRadius": 28,
            "flex": undefined,
            "flexDirection": "row",
            "shadowColor": "#000",
            "shadowOffset": {
              "height": 0,
              "width": 0,
            },
            "shadowOpacity": 0,
            "shadowRadius": 0,
          }
        }
        testID="search-bar-container"
      >
        <View
          collapsable={false}
          style={
            {
              "backgroundColor": "transparent",
              "borderRadius": 20,
              "height": 40,
              "margin": 6,
              "shadowColor": "#000",
              "shadowOffset": {
                "height": 0,
                "width": 0,
              },
              "shadowOpacity": 0,
              "shadowRadius": 0,
              "width": 40,
            }
          }
          testID="search-bar-icon-container-outer-layer"
        >
          <View
            collapsable={false}
            style={
              {
                "backgroundColor": "transparent",
                "borderColor": "rgba(121, 116, 126, 1)",
                "borderRadius": 20,
                "borderWidth": 0,
                "elevation": 0,
                "flex": 1,
                "overflow": "hidden",
                "shadowColor": "#000",
                "shadowOffset": {
                  "height": 0,
                  "width": 0,
                },
                "shadowOpacity": 0,
                "shadowRadius": 0,
              }
            }
            testID="search-bar-icon-container"
          >
            <View
              accessibilityComponentType="button"
              accessibilityLabel="search"
              accessibilityRole="button"
              accessibilityState={
                {
                  "busy": undefined,
                  "checked": undefined,
                  "disabled": true,
                  "expanded": undefined,
                  "selected": undefined,
                }
              }
              accessibilityTraits="button"
              accessibilityValue={
                {
                  "max": undefined,
                  "min": undefined,
                  "now": undefined,
                  "text": undefined,
                }
              }
              accessible={true}
              centered={true}
              collapsable={false}
              focusable={true}
              hitSlop={
                {
                  "bottom": 6,
                  "left": 6,
                  "right": 6,
                  "top": 6,
                }
              }
              onBlur={[Function]}
              onClick={[Function]}
              onFocus={[Function]}
              onResponderGrant={[Function]}
              onResponderMove={[Function]}
              onResponderRelease={[Function]}
              onResponderTerminate={[Function]}
              onResponderTerminationRequest={[Function]}
              onStartShouldSetResponder={[Function]}
              style={
                [
                  {
                    "overflow": "hidden",
                  },
                  [
                    {
                      "alignItems": "center",
                      "flexGrow": 1,
                      "justifyContent": "center",
                    },
                    undefined,
                  ],
                ]
              }
              testID="search-bar-icon"
            >
              <Text
                accessibilityElementsHidden={true}
                importantForAccessibility="no-hide-descendants"
                pointerEvents="none"
                selectable={false}
                style={
                  [
                    {
                      "color": "rgba(73, 69, 79, 1)",
                      "fontSize": 24,
                    },
                    [
                      {
                        "lineHeight": 24,
                        "transform": [
                          {
                            "scaleX": 1,
                          },
                        ],
                      },
                      {
                        "backgroundColor": "transparent",
                      },
                    ],
                  ]
                }
              >
                magnify
              </Text>
            </View>
          </View>
        </View>
        <TextInput
          accessibilityRole="search"
          keyboardAppearance="light"
          placeholder="Search"
          placeholderTextColor="rgba(28, 27, 31, 1)"
          returnKeyType="search"
          selectionColor="rgba(103, 80, 164, 1)"
          style={
            [
              {
                "alignSelf": "stretch",
                "flex": 1,
                "fontSize": 18,
                "minWidth": 0,
                "paddingLeft": 8,
              },
              {
                "color": "rgba(73, 69, 79, 1)",
                "fontFamily": "System",
                "fontSize": 16,
                "fontWeight": "400",
                "letterSpacing": 0.15,
                "lineHeight": 0,
                "textAlign": "left",
              },
              {
                "minHeight": 56,
                "paddingLeft": 0,
              },
              undefined,
            ]
          }
          testID="search-bar"
          underlineColorAndroid="transparent"
          value=""
        />
        <View
          pointerEvents="none"
          style={
            [
              {
                "marginLeft": 16,
                "position": "absolute",
                "right": 0,
              },
              false,
            ]
          }
          testID="search-bar-icon-wrapper"
        >
          <View
            collapsable={false}
            style={
              {
                "backgroundColor": "transparent",
                "borderRadius": 20,
                "height": 40,
                "margin": 6,
                "shadowColor": "#000",
                "shadowOffset": {
                  "height": 0,
                  "width": 0,
                },
                "shadowOpacity": 0,
                "shadowRadius": 0,
                "width": 40,
              }
            }
            testID="search-bar-clear-icon-container-outer-layer"
          >
            <View
              collapsable={false}
              style={
                {
                  "backgroundColor": "transparent",
                  "borderColor": "rgba(121, 116, 126, 1)",
                  "borderRadius": 20,
                  "borderWidth": 0,
                  "elevation": 0,
                  "flex": 1,
                  "overflow": "hidden",
                  "shadowColor": "#000",
                  "shadowOffset": {
                    "height": 0,
                    "width": 0,
                  },
                  "shadowOpacity": 0,
                  "shadowRadius": 0,
                }
              }
              testID="search-bar-clear-icon-container"
            >
              <View
                accessibilityComponentType="button"
                accessibilityLabel="clear"
                accessibilityRole="button"
                accessibilityState={
                  {
                    "busy": undefined,
                    "checked": undefined,
                    "disabled": false,
                    "expanded": undefined,
                    "selected": undefined,
                  }
                }
                accessibilityTraits="button"
                accessibilityValue={
                  {
                    "max": undefined,
                    "min": undefined,
                    "now": undefined,
                    "text": undefined,
                  }
                }
                accessible={true}
                centered={true}
                collapsable={false}
                focusable={true}
                hitSlop={
                  {
                    "bottom": 6,
                    "left": 6,
                    "right": 6,
                    "top": 6,
                  }
                }
                onBlur={[Function]}
                onClick={[Function]}
                onFocus={[Function]}
                onResponderGrant={[Function]}
                onResponderMove={[Function]}
                onResponderRelease={[Function]}
                onResponderTerminate={[Function]}
                onResponderTerminationRequest={[Function]}
                onStartShouldSetResponder={[Function]}
                style={
                  [
                    {
                      "overflow": "hidden",
                    },
                    [
                      {
                        "alignItems": "center",
                        "flexGrow": 1,
                        "justifyContent": "center",
                      },
                      undefined,
                    ],
                  ]
                }
                testID="search-bar-clear-icon"
              >
                <Text
                  accessibilityElementsHidden={true}
                  importantForAccessibility="no-hide-descendants"
                  pointerEvents="none"
                  selectable={false}
                  style={
                    [
                      {
                        "color": "rgba(255, 255, 255, 0)",
                        "fontSize": 24,
                      },
                      [
                        {
                          "lineHeight": 24,
                          "transform": [
                            {
                              "scaleX": 1,
                            },
                          ],
                        },
                        {
                          "backgroundColor": "transparent",
                        },
                      ],
                    ]
                  }
                >
                  close
                </Text>
              </View>
            </View>
          </View>
        </View>
      </View>
    </View>
  </View>
</View>
`;

exports[`Appbar passes additional props to AppbarBackAction, AppbarContent and AppbarAction 1`] = `
<View
  collapsable={false}
  style={
    {
      "backgroundColor": "rgba(255, 251, 254, 1)",
      "height": 64,
      "shadowColor": "#000",
      "shadowOffset": {
        "height": 0,
        "width": 0,
      },
      "shadowOpacity": 0,
      "shadowRadius": 0,
    }
  }
  testID="surface-outer-layer"
>
  <View
    collapsable={false}
    style={
      {
        "alignItems": "center",
        "backgroundColor": "rgba(255, 251, 254, 1)",
        "flex": 1,
        "flexDirection": "row",
        "paddingBottom": undefined,
        "paddingHorizontal": 4,
        "paddingLeft": undefined,
        "paddingRight": undefined,
        "paddingTop": undefined,
        "shadowColor": "#000",
        "shadowOffset": {
          "height": 0,
          "width": 0,
        },
        "shadowOpacity": 0,
        "shadowRadius": 0,
      }
    }
    testID="surface"
  >
    <View
      collapsable={false}
      style={
        {
          "backgroundColor": "transparent",
          "borderRadius": 20,
          "height": 40,
          "margin": 6,
          "shadowColor": "#000",
          "shadowOffset": {
            "height": 0,
            "width": 0,
          },
          "shadowOpacity": 0,
          "shadowRadius": 0,
          "width": 40,
        }
      }
      testID="icon-button-container-outer-layer"
    >
      <View
        collapsable={false}
        style={
          {
            "backgroundColor": "transparent",
            "borderColor": "rgba(121, 116, 126, 1)",
            "borderRadius": 20,
            "borderWidth": 0,
            "elevation": 0,
            "flex": 1,
            "overflow": "hidden",
            "shadowColor": "#000",
            "shadowOffset": {
              "height": 0,
              "width": 0,
            },
            "shadowOpacity": 0,
            "shadowRadius": 0,
          }
        }
        testID="icon-button-container"
      >
        <View
          accessibilityComponentType="button"
          accessibilityLabel="Back"
          accessibilityRole="button"
          accessibilityState={
            {
              "busy": undefined,
              "checked": undefined,
              "disabled": false,
              "expanded": undefined,
              "selected": undefined,
            }
          }
          accessibilityTraits="button"
          accessibilityValue={
            {
              "max": undefined,
              "min": undefined,
              "now": undefined,
              "text": undefined,
            }
          }
          accessible={true}
          centered={true}
          collapsable={false}
          focusable={true}
          hitSlop={
            {
              "bottom": 6,
              "left": 6,
              "right": 6,
              "top": 6,
            }
          }
          onBlur={[Function]}
          onClick={[Function]}
          onFocus={[Function]}
          onResponderGrant={[Function]}
          onResponderMove={[Function]}
          onResponderRelease={[Function]}
          onResponderTerminate={[Function]}
          onResponderTerminationRequest={[Function]}
          onStartShouldSetResponder={[Function]}
          style={
            [
              {
                "overflow": "hidden",
              },
              [
                {
                  "alignItems": "center",
                  "flexGrow": 1,
                  "justifyContent": "center",
                },
                undefined,
              ],
            ]
          }
          testID="icon-button"
        >
          <View
            style={
              [
                {
                  "alignItems": "center",
                  "justifyContent": "center",
                },
                {
                  "height": 24,
                  "width": 24,
                },
              ]
            }
          >
            <View
              collapsable={false}
              style={
                [
                  {
                    "bottom": 0,
                    "left": 0,
                    "position": "absolute",
                    "right": 0,
                    "top": 0,
                  },
                  {
                    "opacity": 1,
                    "transform": [
                      {
                        "rotate": "0deg",
                      },
                    ],
                  },
                ]
              }
              testID="cross-fade-icon-current"
            >
              <View
                style={
                  [
                    {
                      "alignItems": "center",
                      "justifyContent": "center",
                    },
                    {
                      "height": 24,
                      "transform": [
                        {
                          "scaleX": 1,
                        },
                      ],
                      "width": 24,
                    },
                  ]
                }
              >
                <Image
                  accessibilityIgnoresInvertColors={true}
                  source={
                    {
                      "testUri": "../../../src/assets/back-chevron.png",
                    }
                  }
                  style={
                    [
                      {
                        "resizeMode": "contain",
                      },
                      {
                        "height": 21,
                        "tintColor": "rgba(28, 27, 31, 1)",
                        "width": 21,
                      },
                    ]
                  }
                />
              </View>
            </View>
          </View>
        </View>
      </View>
    </View>
    <View
      pointerEvents="box-none"
      style={
        [
          {
            "flex": 1,
            "paddingHorizontal": 12,
          },
          {
            "paddingHorizontal": 0,
          },
          [
            {
              "marginLeft": 12,
            },
            false,
            undefined,
          ],
        ]
      }
      testID="appbar-content"
    >
      <Text
        accessibilityRole="header"
        accessibilityTraits="header"
        accessible={true}
        numberOfLines={1}
        style={
          [
            {
              "textAlign": "left",
            },
            {
              "color": "rgba(28, 27, 31, 1)",
              "writingDirection": "ltr",
            },
            [
              {
                "fontFamily": "System",
                "fontSize": 22,
                "fontWeight": "400",
                "letterSpacing": 0,
                "lineHeight": 28,
              },
              [
                {
                  "color": "rgba(28, 27, 31, 1)",
                  "fontFamily": "System",
                  "fontSize": 22,
                  "fontWeight": "400",
                  "letterSpacing": 0,
                  "lineHeight": 28,
                },
                false,
                undefined,
              ],
            ],
          ]
        }
        testID="appbar-content-title-text"
      >
        Examples
      </Text>
    </View>
    <View
      collapsable={false}
      style={
        {
          "backgroundColor": "transparent",
          "borderRadius": 20,
          "height": 40,
          "margin": 6,
          "shadowColor": "#000",
          "shadowOffset": {
            "height": 0,
            "width": 0,
          },
          "shadowOpacity": 0,
          "shadowRadius": 0,
          "width": 40,
        }
      }
      testID="icon-button-container-outer-layer"
    >
      <View
        collapsable={false}
        style={
          {
            "backgroundColor": "transparent",
            "borderColor": "rgba(121, 116, 126, 1)",
            "borderRadius": 20,
            "borderWidth": 0,
            "elevation": 0,
            "flex": 1,
            "overflow": "hidden",
            "shadowColor": "#000",
            "shadowOffset": {
              "height": 0,
              "width": 0,
            },
            "shadowOpacity": 0,
            "shadowRadius": 0,
          }
        }
        testID="icon-button-container"
      >
        <View
          accessibilityComponentType="button"
          accessibilityRole="button"
          accessibilityState={
            {
              "busy": undefined,
              "checked": undefined,
              "disabled": false,
              "expanded": undefined,
              "selected": undefined,
            }
          }
          accessibilityTraits="button"
          accessibilityValue={
            {
              "max": undefined,
              "min": undefined,
              "now": undefined,
              "text": undefined,
            }
          }
          accessible={true}
          centered={true}
          collapsable={false}
          focusable={true}
          hitSlop={
            {
              "bottom": 6,
              "left": 6,
              "right": 6,
              "top": 6,
            }
          }
          onBlur={[Function]}
          onClick={[Function]}
          onFocus={[Function]}
          onResponderGrant={[Function]}
          onResponderMove={[Function]}
          onResponderRelease={[Function]}
          onResponderTerminate={[Function]}
          onResponderTerminationRequest={[Function]}
          onStartShouldSetResponder={[Function]}
          style={
            [
              {
                "overflow": "hidden",
              },
              [
                {
                  "alignItems": "center",
                  "flexGrow": 1,
                  "justifyContent": "center",
                },
                undefined,
              ],
            ]
          }
          testID="icon-button"
        >
          <View
            style={
              [
                {
                  "alignItems": "center",
                  "justifyContent": "center",
                },
                {
                  "height": 24,
                  "width": 24,
                },
              ]
            }
          >
            <View
              collapsable={false}
              style={
                [
                  {
                    "bottom": 0,
                    "left": 0,
                    "position": "absolute",
                    "right": 0,
                    "top": 0,
                  },
                  {
                    "opacity": 1,
                    "transform": [
                      {
                        "rotate": "0deg",
                      },
                    ],
                  },
                ]
              }
              testID="cross-fade-icon-current"
            >
              <Text
                accessibilityElementsHidden={true}
                importantForAccessibility="no-hide-descendants"
                pointerEvents="none"
                selectable={false}
                style={
                  [
                    {
                      "color": "rgba(73, 69, 79, 1)",
                      "fontSize": 24,
                    },
                    [
                      {
                        "lineHeight": 24,
                        "transform": [
                          {
                            "scaleX": 1,
                          },
                        ],
                      },
                      {
                        "backgroundColor": "transparent",
                      },
                    ],
                  ]
                }
              >
                menu
              </Text>
            </View>
          </View>
        </View>
      </View>
    </View>
  </View>
</View>
`;
