// Jest Snapshot v1, https://goo.gl/fbAQLP

exports[`renders Checkbox with custom testID 1`] = `
<View
  accessibilityLiveRegion="polite"
  accessibilityRole="checkbox"
  accessibilityState={
    {
      "busy": undefined,
      "checked": true,
      "disabled": true,
      "expanded": undefined,
      "selected": undefined,
    }
  }
  accessibilityValue={
    {
      "max": undefined,
      "min": undefined,
      "now": undefined,
      "text": undefined,
    }
  }
  accessible={true}
  collapsable={false}
  focusable={true}
  onBlur={[Function]}
  onClick={[Function]}
  onFocus={[Function]}
  onResponderGrant={[Function]}
  onResponderMove={[Function]}
  onResponderRelease={[Function]}
  onResponderTerminate={[Function]}
  onResponderTerminationRequest={[Function]}
  onStartShouldSetResponder={[Function]}
  style={
    [
      {
        "overflow": "hidden",
      },
      {
        "borderRadius": 18,
        "padding": 6,
      },
    ]
  }
  testID="custom:testID"
>
  <View
    style={
      {
        "opacity": 1,
      }
    }
  >
    <Text
      accessibilityElementsHidden={true}
      allowFontScaling={false}
      importantForAccessibility="no-hide-descendants"
      pointerEvents="none"
      selectable={false}
      style={
        [
          {
            "color": "rgba(103, 80, 164, 1)",
            "fontSize": 24,
          },
          [
            {
              "lineHeight": 24,
              "transform": [
                {
                  "scaleX": 1,
                },
              ],
            },
            {
              "backgroundColor": "transparent",
            },
          ],
        ]
      }
    >
      check
    </Text>
  </View>
</View>
`;

exports[`renders checked Checkbox with color 1`] = `
<View
  accessibilityLiveRegion="polite"
  accessibilityRole="checkbox"
  accessibilityState={
    {
      "busy": undefined,
      "checked": true,
      "disabled": true,
      "expanded": undefined,
      "selected": undefined,
    }
  }
  accessibilityValue={
    {
      "max": undefined,
      "min": undefined,
      "now": undefined,
      "text": undefined,
    }
  }
  accessible={true}
  collapsable={false}
  color="red"
  focusable={true}
  onBlur={[Function]}
  onClick={[Function]}
  onFocus={[Function]}
  onResponderGrant={[Function]}
  onResponderMove={[Function]}
  onResponderRelease={[Function]}
  onResponderTerminate={[Function]}
  onResponderTerminationRequest={[Function]}
  onStartShouldSetResponder={[Function]}
  style={
    [
      {
        "overflow": "hidden",
      },
      {
        "borderRadius": 18,
        "padding": 6,
      },
    ]
  }
>
  <View
    style={
      {
        "opacity": 1,
      }
    }
  >
    <Text
      accessibilityElementsHidden={true}
      allowFontScaling={false}
      importantForAccessibility="no-hide-descendants"
      pointerEvents="none"
      selectable={false}
      style={
        [
          {
            "color": "red",
            "fontSize": 24,
          },
          [
            {
              "lineHeight": 24,
              "transform": [
                {
                  "scaleX": 1,
                },
              ],
            },
            {
              "backgroundColor": "transparent",
            },
          ],
        ]
      }
    >
      check
    </Text>
  </View>
</View>
`;

exports[`renders checked Checkbox with onPress 1`] = `
<View
  accessibilityLiveRegion="polite"
  accessibilityRole="checkbox"
  accessibilityState={
    {
      "busy": undefined,
      "checked": true,
      "disabled": false,
      "expanded": undefined,
      "selected": undefined,
    }
  }
  accessibilityValue={
    {
      "max": undefined,
      "min": undefined,
      "now": undefined,
      "text": undefined,
    }
  }
  accessible={true}
  collapsable={false}
  focusable={true}
  onBlur={[Function]}
  onClick={[Function]}
  onFocus={[Function]}
  onResponderGrant={[Function]}
  onResponderMove={[Function]}
  onResponderRelease={[Function]}
  onResponderTerminate={[Function]}
  onResponderTerminationRequest={[Function]}
  onStartShouldSetResponder={[Function]}
  style={
    [
      {
        "overflow": "hidden",
      },
      {
        "borderRadius": 18,
        "padding": 6,
      },
    ]
  }
>
  <View
    style={
      {
        "opacity": 1,
      }
    }
  >
    <Text
      accessibilityElementsHidden={true}
      allowFontScaling={false}
      importantForAccessibility="no-hide-descendants"
      pointerEvents="none"
      selectable={false}
      style={
        [
          {
            "color": "rgba(103, 80, 164, 1)",
            "fontSize": 24,
          },
          [
            {
              "lineHeight": 24,
              "transform": [
                {
                  "scaleX": 1,
                },
              ],
            },
            {
              "backgroundColor": "transparent",
            },
          ],
        ]
      }
    >
      check
    </Text>
  </View>
</View>
`;

exports[`renders indeterminate Checkbox 1`] = `
<View
  accessibilityLiveRegion="polite"
  accessibilityRole="checkbox"
  accessibilityState={
    {
      "busy": undefined,
      "checked": false,
      "disabled": false,
      "expanded": undefined,
      "selected": undefined,
    }
  }
  accessibilityValue={
    {
      "max": undefined,
      "min": undefined,
      "now": undefined,
      "text": undefined,
    }
  }
  accessible={true}
  collapsable={false}
  focusable={true}
  onBlur={[Function]}
  onClick={[Function]}
  onFocus={[Function]}
  onResponderGrant={[Function]}
  onResponderMove={[Function]}
  onResponderRelease={[Function]}
  onResponderTerminate={[Function]}
  onResponderTerminationRequest={[Function]}
  onStartShouldSetResponder={[Function]}
  style={
    [
      {
        "overflow": "hidden",
      },
      {
        "borderRadius": 18,
        "padding": 6,
      },
    ]
  }
>
  <View
    style={
      {
        "opacity": 1,
      }
    }
  >
    <Text
      accessibilityElementsHidden={true}
      allowFontScaling={false}
      importantForAccessibility="no-hide-descendants"
      pointerEvents="none"
      selectable={false}
      style={
        [
          {
            "color": "rgba(103, 80, 164, 1)",
            "fontSize": 24,
          },
          [
            {
              "lineHeight": 24,
              "transform": [
                {
                  "scaleX": 1,
                },
              ],
            },
            {
              "backgroundColor": "transparent",
            },
          ],
        ]
      }
    >
      minus
    </Text>
  </View>
</View>
`;

exports[`renders indeterminate Checkbox with color 1`] = `
<View
  accessibilityLiveRegion="polite"
  accessibilityRole="checkbox"
  accessibilityState={
    {
      "busy": undefined,
      "checked": false,
      "disabled": true,
      "expanded": undefined,
      "selected": undefined,
    }
  }
  accessibilityValue={
    {
      "max": undefined,
      "min": undefined,
      "now": undefined,
      "text": undefined,
    }
  }
  accessible={true}
  collapsable={false}
  color="red"
  focusable={true}
  onBlur={[Function]}
  onClick={[Function]}
  onFocus={[Function]}
  onResponderGrant={[Function]}
  onResponderMove={[Function]}
  onResponderRelease={[Function]}
  onResponderTerminate={[Function]}
  onResponderTerminationRequest={[Function]}
  onStartShouldSetResponder={[Function]}
  style={
    [
      {
        "overflow": "hidden",
      },
      {
        "borderRadius": 18,
        "padding": 6,
      },
    ]
  }
>
  <View
    style={
      {
        "opacity": 1,
      }
    }
  >
    <Text
      accessibilityElementsHidden={true}
      allowFontScaling={false}
      importantForAccessibility="no-hide-descendants"
      pointerEvents="none"
      selectable={false}
      style={
        [
          {
            "color": "red",
            "fontSize": 24,
          },
          [
            {
              "lineHeight": 24,
              "transform": [
                {
                  "scaleX": 1,
                },
              ],
            },
            {
              "backgroundColor": "transparent",
            },
          ],
        ]
      }
    >
      minus
    </Text>
  </View>
</View>
`;

exports[`renders unchecked Checkbox with color 1`] = `
<View
  accessibilityLiveRegion="polite"
  accessibilityRole="checkbox"
  accessibilityState={
    {
      "busy": undefined,
      "checked": true,
      "disabled": true,
      "expanded": undefined,
      "selected": undefined,
    }
  }
  accessibilityValue={
    {
      "max": undefined,
      "min": undefined,
      "now": undefined,
      "text": undefined,
    }
  }
  accessible={true}
  collapsable={false}
  color="red"
  focusable={true}
  onBlur={[Function]}
  onClick={[Function]}
  onFocus={[Function]}
  onResponderGrant={[Function]}
  onResponderMove={[Function]}
  onResponderRelease={[Function]}
  onResponderTerminate={[Function]}
  onResponderTerminationRequest={[Function]}
  onStartShouldSetResponder={[Function]}
  style={
    [
      {
        "overflow": "hidden",
      },
      {
        "borderRadius": 18,
        "padding": 6,
      },
    ]
  }
>
  <View
    style={
      {
        "opacity": 1,
      }
    }
  >
    <Text
      accessibilityElementsHidden={true}
      allowFontScaling={false}
      importantForAccessibility="no-hide-descendants"
      pointerEvents="none"
      selectable={false}
      style={
        [
          {
            "color": "red",
            "fontSize": 24,
          },
          [
            {
              "lineHeight": 24,
              "transform": [
                {
                  "scaleX": 1,
                },
              ],
            },
            {
              "backgroundColor": "transparent",
            },
          ],
        ]
      }
    >
      check
    </Text>
  </View>
</View>
`;

exports[`renders unchecked Checkbox with onPress 1`] = `
<View
  accessibilityLiveRegion="polite"
  accessibilityRole="checkbox"
  accessibilityState={
    {
      "busy": undefined,
      "checked": false,
      "disabled": false,
      "expanded": undefined,
      "selected": undefined,
    }
  }
  accessibilityValue={
    {
      "max": undefined,
      "min": undefined,
      "now": undefined,
      "text": undefined,
    }
  }
  accessible={true}
  collapsable={false}
  focusable={true}
  onBlur={[Function]}
  onClick={[Function]}
  onFocus={[Function]}
  onResponderGrant={[Function]}
  onResponderMove={[Function]}
  onResponderRelease={[Function]}
  onResponderTerminate={[Function]}
  onResponderTerminationRequest={[Function]}
  onStartShouldSetResponder={[Function]}
  style={
    [
      {
        "overflow": "hidden",
      },
      {
        "borderRadius": 18,
        "padding": 6,
      },
    ]
  }
>
  <View
    style={
      {
        "opacity": 0,
      }
    }
  >
    <Text
      accessibilityElementsHidden={true}
      allowFontScaling={false}
      importantForAccessibility="no-hide-descendants"
      pointerEvents="none"
      selectable={false}
      style={
        [
          {
            "color": "rgba(103, 80, 164, 1)",
            "fontSize": 24,
          },
          [
            {
              "lineHeight": 24,
              "transform": [
                {
                  "scaleX": 1,
                },
              ],
            },
            {
              "backgroundColor": "transparent",
            },
          ],
        ]
      }
    >
      check
    </Text>
  </View>
</View>
`;
