// Jest Snapshot v1, https://goo.gl/fbAQLP

exports[`can render leading radio button control 1`] = `
<View
  accessibilityLabel="Default with leading control"
  accessibilityRole="radio"
  accessibilityState={
    {
      "busy": undefined,
      "checked": false,
      "disabled": false,
      "expanded": undefined,
      "selected": undefined,
    }
  }
  accessibilityValue={
    {
      "max": undefined,
      "min": undefined,
      "now": undefined,
      "text": undefined,
    }
  }
  accessible={true}
  collapsable={false}
  focusable={true}
  onBlur={[Function]}
  onClick={[Function]}
  onFocus={[Function]}
  onResponderGrant={[Function]}
  onResponderMove={[Function]}
  onResponderRelease={[Function]}
  onResponderTerminate={[Function]}
  onResponderTerminationRequest={[Function]}
  onStartShouldSetResponder={[Function]}
  style={
    [
      false,
      undefined,
    ]
  }
>
  <View
    pointerEvents="none"
    style={
      [
        {
          "alignItems": "center",
          "flexDirection": "row",
          "justifyContent": "space-between",
          "paddingHorizontal": 16,
          "paddingVertical": 8,
        },
        undefined,
      ]
    }
  >
    <View
      accessibilityLiveRegion="polite"
      accessibilityRole="radio"
      accessibilityState={
        {
          "busy": undefined,
          "checked": false,
          "disabled": false,
          "expanded": undefined,
          "selected": undefined,
        }
      }
      accessibilityValue={
        {
          "max": undefined,
          "min": undefined,
          "now": undefined,
          "text": undefined,
        }
      }
      accessible={true}
      collapsable={false}
      focusable={true}
      onBlur={[Function]}
      onClick={[Function]}
      onFocus={[Function]}
      onResponderGrant={[Function]}
      onResponderMove={[Function]}
      onResponderRelease={[Function]}
      onResponderTerminate={[Function]}
      onResponderTerminationRequest={[Function]}
      onStartShouldSetResponder={[Function]}
      style={
        [
          {
            "overflow": "hidden",
          },
          {
            "borderRadius": 18,
            "padding": 6,
          },
        ]
      }
    >
      <View
        style={
          {
            "opacity": 0,
          }
        }
      >
        <Text
          accessibilityElementsHidden={true}
          allowFontScaling={false}
          importantForAccessibility="no-hide-descendants"
          pointerEvents="none"
          selectable={false}
          style={
            [
              {
                "color": "rgba(103, 80, 164, 1)",
                "fontSize": 24,
              },
              [
                {
                  "lineHeight": 24,
                  "transform": [
                    {
                      "scaleX": 1,
                    },
                  ],
                },
                {
                  "backgroundColor": "transparent",
                },
              ],
            ]
          }
        >
          check
        </Text>
      </View>
    </View>
    <Text
      style={
        [
          {
            "textAlign": "left",
          },
          {
            "color": "rgba(28, 27, 31, 1)",
            "writingDirection": "ltr",
          },
          [
            {
              "fontFamily": "System",
              "fontSize": 16,
              "fontWeight": "400",
              "letterSpacing": 0.15,
              "lineHeight": 24,
            },
            [
              {
                "flexGrow": 1,
                "flexShrink": 1,
              },
              false,
              {
                "color": "rgba(28, 27, 31, 1)",
                "textAlign": "right",
              },
              undefined,
            ],
          ],
        ]
      }
    >
      Default with leading control
    </Text>
  </View>
</View>
`;

exports[`can render the Android radio button on different platforms 1`] = `
<View
  accessibilityLabel="iOS Checkbox"
  accessibilityRole="radio"
  accessibilityState={
    {
      "busy": undefined,
      "checked": false,
      "disabled": false,
      "expanded": undefined,
      "selected": undefined,
    }
  }
  accessibilityValue={
    {
      "max": undefined,
      "min": undefined,
      "now": undefined,
      "text": undefined,
    }
  }
  accessible={true}
  collapsable={false}
  focusable={true}
  onBlur={[Function]}
  onClick={[Function]}
  onFocus={[Function]}
  onResponderGrant={[Function]}
  onResponderMove={[Function]}
  onResponderRelease={[Function]}
  onResponderTerminate={[Function]}
  onResponderTerminationRequest={[Function]}
  onStartShouldSetResponder={[Function]}
  style={
    [
      false,
      undefined,
    ]
  }
>
  <View
    pointerEvents="none"
    style={
      [
        {
          "alignItems": "center",
          "flexDirection": "row",
          "justifyContent": "space-between",
          "paddingHorizontal": 16,
          "paddingVertical": 8,
        },
        undefined,
      ]
    }
  >
    <Text
      style={
        [
          {
            "textAlign": "left",
          },
          {
            "color": "rgba(28, 27, 31, 1)",
            "writingDirection": "ltr",
          },
          [
            {
              "fontFamily": "System",
              "fontSize": 16,
              "fontWeight": "400",
              "letterSpacing": 0.15,
              "lineHeight": 24,
            },
            [
              {
                "flexGrow": 1,
                "flexShrink": 1,
              },
              false,
              {
                "color": "rgba(28, 27, 31, 1)",
                "textAlign": "left",
              },
              undefined,
            ],
          ],
        ]
      }
    >
      iOS Checkbox
    </Text>
    <View
      accessibilityLiveRegion="polite"
      accessibilityRole="radio"
      accessibilityState={
        {
          "busy": undefined,
          "checked": false,
          "disabled": false,
          "expanded": undefined,
          "selected": undefined,
        }
      }
      accessibilityValue={
        {
          "max": undefined,
          "min": undefined,
          "now": undefined,
          "text": undefined,
        }
      }
      accessible={true}
      collapsable={false}
      focusable={true}
      onBlur={[Function]}
      onClick={[Function]}
      onFocus={[Function]}
      onResponderGrant={[Function]}
      onResponderMove={[Function]}
      onResponderRelease={[Function]}
      onResponderTerminate={[Function]}
      onResponderTerminationRequest={[Function]}
      onStartShouldSetResponder={[Function]}
      style={
        [
          {
            "overflow": "hidden",
          },
          {
            "borderRadius": 18,
          },
        ]
      }
    >
      <View
        collapsable={false}
        style={
          {
            "borderColor": "rgba(73, 69, 79, 1)",
            "borderRadius": 10,
            "borderWidth": 2,
            "height": 20,
            "margin": 8,
            "width": 20,
          }
        }
      />
    </View>
  </View>
</View>
`;

exports[`can render the iOS radio button on different platforms 1`] = `
<View
  accessibilityLabel="iOS Radio button"
  accessibilityRole="radio"
  accessibilityState={
    {
      "busy": undefined,
      "checked": false,
      "disabled": false,
      "expanded": undefined,
      "selected": undefined,
    }
  }
  accessibilityValue={
    {
      "max": undefined,
      "min": undefined,
      "now": undefined,
      "text": undefined,
    }
  }
  accessible={true}
  collapsable={false}
  focusable={true}
  onBlur={[Function]}
  onClick={[Function]}
  onFocus={[Function]}
  onResponderGrant={[Function]}
  onResponderMove={[Function]}
  onResponderRelease={[Function]}
  onResponderTerminate={[Function]}
  onResponderTerminationRequest={[Function]}
  onStartShouldSetResponder={[Function]}
  style={
    [
      false,
      undefined,
    ]
  }
>
  <View
    pointerEvents="none"
    style={
      [
        {
          "alignItems": "center",
          "flexDirection": "row",
          "justifyContent": "space-between",
          "paddingHorizontal": 16,
          "paddingVertical": 8,
        },
        undefined,
      ]
    }
  >
    <Text
      style={
        [
          {
            "textAlign": "left",
          },
          {
            "color": "rgba(28, 27, 31, 1)",
            "writingDirection": "ltr",
          },
          [
            {
              "fontFamily": "System",
              "fontSize": 16,
              "fontWeight": "400",
              "letterSpacing": 0.15,
              "lineHeight": 24,
            },
            [
              {
                "flexGrow": 1,
                "flexShrink": 1,
              },
              false,
              {
                "color": "rgba(28, 27, 31, 1)",
                "textAlign": "left",
              },
              undefined,
            ],
          ],
        ]
      }
    >
      iOS Radio button
    </Text>
    <View
      accessibilityLiveRegion="polite"
      accessibilityRole="radio"
      accessibilityState={
        {
          "busy": undefined,
          "checked": false,
          "disabled": false,
          "expanded": undefined,
          "selected": undefined,
        }
      }
      accessibilityValue={
        {
          "max": undefined,
          "min": undefined,
          "now": undefined,
          "text": undefined,
        }
      }
      accessible={true}
      collapsable={false}
      focusable={true}
      onBlur={[Function]}
      onClick={[Function]}
      onFocus={[Function]}
      onResponderGrant={[Function]}
      onResponderMove={[Function]}
      onResponderRelease={[Function]}
      onResponderTerminate={[Function]}
      onResponderTerminationRequest={[Function]}
      onStartShouldSetResponder={[Function]}
      style={
        [
          {
            "overflow": "hidden",
          },
          {
            "borderRadius": 18,
            "padding": 6,
          },
        ]
      }
    >
      <View
        style={
          {
            "opacity": 0,
          }
        }
      >
        <Text
          accessibilityElementsHidden={true}
          allowFontScaling={false}
          importantForAccessibility="no-hide-descendants"
          pointerEvents="none"
          selectable={false}
          style={
            [
              {
                "color": "rgba(103, 80, 164, 1)",
                "fontSize": 24,
              },
              [
                {
                  "lineHeight": 24,
                  "transform": [
                    {
                      "scaleX": 1,
                    },
                  ],
                },
                {
                  "backgroundColor": "transparent",
                },
              ],
            ]
          }
        >
          check
        </Text>
      </View>
    </View>
  </View>
</View>
`;

exports[`renders unchecked 1`] = `
<View
  accessibilityLabel="Unchecked Button"
  accessibilityRole="radio"
  accessibilityState={
    {
      "busy": undefined,
      "checked": false,
      "disabled": false,
      "expanded": undefined,
      "selected": undefined,
    }
  }
  accessibilityValue={
    {
      "max": undefined,
      "min": undefined,
      "now": undefined,
      "text": undefined,
    }
  }
  accessible={true}
  collapsable={false}
  focusable={true}
  onBlur={[Function]}
  onClick={[Function]}
  onFocus={[Function]}
  onResponderGrant={[Function]}
  onResponderMove={[Function]}
  onResponderRelease={[Function]}
  onResponderTerminate={[Function]}
  onResponderTerminationRequest={[Function]}
  onStartShouldSetResponder={[Function]}
  style={
    [
      false,
      undefined,
    ]
  }
>
  <View
    pointerEvents="none"
    style={
      [
        {
          "alignItems": "center",
          "flexDirection": "row",
          "justifyContent": "space-between",
          "paddingHorizontal": 16,
          "paddingVertical": 8,
        },
        undefined,
      ]
    }
  >
    <Text
      style={
        [
          {
            "textAlign": "left",
          },
          {
            "color": "rgba(28, 27, 31, 1)",
            "writingDirection": "ltr",
          },
          [
            {
              "fontFamily": "System",
              "fontSize": 16,
              "fontWeight": "400",
              "letterSpacing": 0.15,
              "lineHeight": 24,
            },
            [
              {
                "flexGrow": 1,
                "flexShrink": 1,
              },
              false,
              {
                "color": "rgba(28, 27, 31, 1)",
                "textAlign": "left",
              },
              undefined,
            ],
          ],
        ]
      }
    >
      Unchecked Button
    </Text>
    <View
      accessibilityLiveRegion="polite"
      accessibilityRole="radio"
      accessibilityState={
        {
          "busy": undefined,
          "checked": false,
          "disabled": false,
          "expanded": undefined,
          "selected": undefined,
        }
      }
      accessibilityValue={
        {
          "max": undefined,
          "min": undefined,
          "now": undefined,
          "text": undefined,
        }
      }
      accessible={true}
      collapsable={false}
      focusable={true}
      onBlur={[Function]}
      onClick={[Function]}
      onFocus={[Function]}
      onResponderGrant={[Function]}
      onResponderMove={[Function]}
      onResponderRelease={[Function]}
      onResponderTerminate={[Function]}
      onResponderTerminationRequest={[Function]}
      onStartShouldSetResponder={[Function]}
      style={
        [
          {
            "overflow": "hidden",
          },
          {
            "borderRadius": 18,
            "padding": 6,
          },
        ]
      }
    >
      <View
        style={
          {
            "opacity": 0,
          }
        }
      >
        <Text
          accessibilityElementsHidden={true}
          allowFontScaling={false}
          importantForAccessibility="no-hide-descendants"
          pointerEvents="none"
          selectable={false}
          style={
            [
              {
                "color": "rgba(103, 80, 164, 1)",
                "fontSize": 24,
              },
              [
                {
                  "lineHeight": 24,
                  "transform": [
                    {
                      "scaleX": 1,
                    },
                  ],
                },
                {
                  "backgroundColor": "transparent",
                },
              ],
            ]
          }
        >
          check
        </Text>
      </View>
    </View>
  </View>
</View>
`;
