// Jest Snapshot v1, https://goo.gl/fbAQLP

exports[`Card renders an outlined card 1`] = `
<View
  collapsable={false}
  style={
    {
      "backgroundColor": "rgba(255, 251, 254, 1)",
      "borderRadius": 12,
      "shadowColor": "#000",
      "shadowOffset": {
        "height": 0,
        "width": 0,
      },
      "shadowOpacity": 0,
      "shadowRadius": 0,
    }
  }
  testID="card-container-outer-layer"
>
  <View
    collapsable={false}
    style={
      {
        "backgroundColor": "rgba(255, 251, 254, 1)",
        "borderRadius": 12,
        "flex": undefined,
        "shadowColor": "#000",
        "shadowOffset": {
          "height": 0,
          "width": 0,
        },
        "shadowOpacity": 0,
        "shadowRadius": 0,
      }
    }
    testID="card-container"
  >
    <View
      pointerEvents="none"
      style={
        [
          {
            "borderColor": "rgba(121, 116, 126, 1)",
          },
          {
            "borderWidth": 1,
            "height": "100%",
            "position": "absolute",
            "width": "100%",
            "zIndex": 2,
          },
          {
            "borderRadius": 12,
          },
        ]
      }
      testID="card-outline"
    />
    <View
      style={
        [
          {
            "flexShrink": 1,
          },
          undefined,
        ]
      }
      testID="card"
    />
  </View>
</View>
`;
