// Jest Snapshot v1, https://goo.gl/fbAQLP

exports[`render visible banner, with custom theme 1`] = `
<View
  collapsable={false}
  style={
    {
      "backgroundColor": "rgb(247, 243, 249)",
      "opacity": 1,
      "shadowColor": "#000",
      "shadowOffset": {
        "height": 1,
        "width": 0,
      },
      "shadowOpacity": 0.15,
      "shadowRadius": 3,
    }
  }
  testID="surface-outer-layer"
>
  <View
    collapsable={false}
    style={
      {
        "backgroundColor": "rgb(247, 243, 249)",
        "flex": undefined,
        "shadowColor": "#000",
        "shadowOffset": {
          "height": 1,
          "width": 0,
        },
        "shadowOpacity": 0.3,
        "shadowRadius": 1,
      }
    }
    testID="surface"
  >
    <View
      style={
        [
          {
            "alignSelf": "center",
            "maxWidth": 960,
            "overflow": "hidden",
            "width": "100%",
          },
          undefined,
        ]
      }
    >
      <View
        collapsable={false}
        style={
          {
            "height": 0,
          }
        }
      />
      <View
        collapsable={false}
        onLayout={[Function]}
        style={
          [
            null,
            null,
          ]
        }
      >
        <View
          style={
            {
              "flexDirection": "row",
              "justifyContent": "flex-start",
              "marginBottom": 0,
              "marginHorizontal": 8,
              "marginTop": 16,
            }
          }
        >
          <Text
            accessibilityLiveRegion="polite"
            accessibilityRole="alert"
            style={
              [
                {
                  "textAlign": "left",
                },
                {
                  "color": "rgba(28, 27, 31, 1)",
                  "fontFamily": "System",
                  "fontWeight": "400",
                  "letterSpacing": 0,
                },
                {
                  "writingDirection": "ltr",
                },
                [
                  {
                    "flex": 1,
                    "margin": 8,
                  },
                  {
                    "color": "rgba(28, 27, 31, 1)",
                  },
                ],
              ]
            }
          >
            Custom theme
          </Text>
        </View>
        <View
          style={
            {
              "flexDirection": "row",
              "justifyContent": "flex-end",
              "margin": 4,
            }
          }
        >
          <View
            collapsable={false}
            style={
              {
                "backgroundColor": "transparent",
                "borderRadius": 20,
                "margin": 4,
                "shadowColor": "#000",
                "shadowOffset": {
                  "height": 0,
                  "width": 0,
                },
                "shadowOpacity": 0,
                "shadowRadius": 0,
              }
            }
            testID="button-container-outer-layer"
          >
            <View
              collapsable={false}
              style={
                {
                  "backgroundColor": "transparent",
                  "borderColor": "transparent",
                  "borderRadius": 20,
                  "borderStyle": "solid",
                  "borderWidth": 0,
                  "flex": undefined,
                  "minWidth": "auto",
                  "shadowColor": "#000",
                  "shadowOffset": {
                    "height": 0,
                    "width": 0,
                  },
                  "shadowOpacity": 0,
                  "shadowRadius": 0,
                }
              }
              testID="button-container"
            >
              <View
                accessibilityRole="button"
                accessibilityState={
                  {
                    "busy": undefined,
                    "checked": undefined,
                    "disabled": false,
                    "expanded": undefined,
                    "selected": undefined,
                  }
                }
                accessibilityValue={
                  {
                    "max": undefined,
                    "min": undefined,
                    "now": undefined,
                    "text": undefined,
                  }
                }
                accessible={true}
                collapsable={false}
                focusable={true}
                onBlur={[Function]}
                onClick={[Function]}
                onFocus={[Function]}
                onResponderGrant={[Function]}
                onResponderMove={[Function]}
                onResponderRelease={[Function]}
                onResponderTerminate={[Function]}
                onResponderTerminationRequest={[Function]}
                onStartShouldSetResponder={[Function]}
                style={
                  [
                    {
                      "overflow": "hidden",
                    },
                    {
                      "borderRadius": 20,
                    },
                  ]
                }
                testID="button"
              >
                <View
                  style={
                    [
                      {
                        "alignItems": "center",
                        "flexDirection": "row",
                        "justifyContent": "center",
                      },
                      undefined,
                    ]
                  }
                >
                  <Text
                    numberOfLines={1}
                    selectable={false}
                    style={
                      [
                        {
                          "textAlign": "left",
                        },
                        {
                          "color": "rgba(28, 27, 31, 1)",
                          "writingDirection": "ltr",
                        },
                        [
                          {
                            "fontFamily": "System",
                            "fontSize": 14,
                            "fontWeight": "500",
                            "letterSpacing": 0.1,
                            "lineHeight": 20,
                          },
                          [
                            {
                              "marginHorizontal": 16,
                              "marginVertical": 9,
                              "textAlign": "center",
                            },
                            false,
                            {
                              "marginHorizontal": 12,
                            },
                            {
                              "marginHorizontal": 8,
                            },
                            false,
                            {
                              "color": "#043",
                              "fontFamily": "System",
                              "fontSize": 14,
                              "fontWeight": "500",
                              "letterSpacing": 0.1,
                              "lineHeight": 20,
                            },
                            undefined,
                          ],
                        ],
                      ]
                    }
                    testID="button-text"
                  >
                    first
                  </Text>
                </View>
              </View>
            </View>
          </View>
        </View>
      </View>
    </View>
  </View>
</View>
`;

exports[`renders hidden banner, without action buttons and without image 1`] = `
<View
  collapsable={false}
  style={
    {
      "backgroundColor": "rgb(247, 243, 249)",
      "opacity": 0,
      "shadowColor": "#000",
      "shadowOffset": {
        "height": 1,
        "width": 0,
      },
      "shadowOpacity": 0.15,
      "shadowRadius": 3,
    }
  }
  testID="surface-outer-layer"
>
  <View
    collapsable={false}
    style={
      {
        "backgroundColor": "rgb(247, 243, 249)",
        "flex": undefined,
        "shadowColor": "#000",
        "shadowOffset": {
          "height": 1,
          "width": 0,
        },
        "shadowOpacity": 0.3,
        "shadowRadius": 1,
      }
    }
    testID="surface"
  >
    <View
      style={
        [
          {
            "alignSelf": "center",
            "maxWidth": 960,
            "overflow": "hidden",
            "width": "100%",
          },
          undefined,
        ]
      }
    >
      <View
        collapsable={false}
        style={
          {
            "height": 0,
          }
        }
      />
      <View
        collapsable={false}
        onLayout={[Function]}
        style={
          {
            "opacity": 0,
            "position": "absolute",
            "top": 0,
            "transform": [
              {
                "translateY": -0,
              },
            ],
            "width": "100%",
          }
        }
      >
        <View
          style={
            {
              "flexDirection": "row",
              "justifyContent": "flex-start",
              "marginBottom": 0,
              "marginHorizontal": 8,
              "marginTop": 16,
            }
          }
        >
          <Text
            accessibilityLiveRegion="none"
            accessibilityRole="alert"
            style={
              [
                {
                  "textAlign": "left",
                },
                {
                  "color": "rgba(28, 27, 31, 1)",
                  "fontFamily": "System",
                  "fontWeight": "400",
                  "letterSpacing": 0,
                },
                {
                  "writingDirection": "ltr",
                },
                [
                  {
                    "flex": 1,
                    "margin": 8,
                  },
                  {
                    "color": "rgba(28, 27, 31, 1)",
                  },
                ],
              ]
            }
          >
            Two line text string with two actions. One to two lines is preferable on mobile.
          </Text>
        </View>
        <View
          style={
            {
              "flexDirection": "row",
              "justifyContent": "flex-end",
              "margin": 4,
            }
          }
        />
      </View>
    </View>
  </View>
</View>
`;

exports[`renders visible banner, with action buttons and with image 1`] = `
<View
  collapsable={false}
  style={
    {
      "backgroundColor": "rgb(247, 243, 249)",
      "opacity": 1,
      "shadowColor": "#000",
      "shadowOffset": {
        "height": 1,
        "width": 0,
      },
      "shadowOpacity": 0.15,
      "shadowRadius": 3,
    }
  }
  testID="surface-outer-layer"
>
  <View
    collapsable={false}
    style={
      {
        "backgroundColor": "rgb(247, 243, 249)",
        "flex": undefined,
        "shadowColor": "#000",
        "shadowOffset": {
          "height": 1,
          "width": 0,
        },
        "shadowOpacity": 0.3,
        "shadowRadius": 1,
      }
    }
    testID="surface"
  >
    <View
      style={
        [
          {
            "alignSelf": "center",
            "maxWidth": 960,
            "overflow": "hidden",
            "width": "100%",
          },
          undefined,
        ]
      }
    >
      <View
        collapsable={false}
        style={
          {
            "height": 0,
          }
        }
      />
      <View
        collapsable={false}
        onLayout={[Function]}
        style={
          [
            null,
            null,
          ]
        }
      >
        <View
          style={
            {
              "flexDirection": "row",
              "justifyContent": "flex-start",
              "marginBottom": 0,
              "marginHorizontal": 8,
              "marginTop": 16,
            }
          }
        >
          <View
            style={
              {
                "margin": 8,
              }
            }
          >
            <Image
              accessibilityIgnoresInvertColors={true}
              source={
                {
                  "uri": "https://callstack.com/images/team/Satya.png",
                }
              }
              style={
                {
                  "height": 40,
                  "width": 40,
                }
              }
            />
          </View>
          <Text
            accessibilityLiveRegion="polite"
            accessibilityRole="alert"
            style={
              [
                {
                  "textAlign": "left",
                },
                {
                  "color": "rgba(28, 27, 31, 1)",
                  "fontFamily": "System",
                  "fontWeight": "400",
                  "letterSpacing": 0,
                },
                {
                  "writingDirection": "ltr",
                },
                [
                  {
                    "flex": 1,
                    "margin": 8,
                  },
                  {
                    "color": "rgba(28, 27, 31, 1)",
                  },
                ],
              ]
            }
          >
            Two line text string with two actions. One to two lines is preferable on mobile.
          </Text>
        </View>
        <View
          style={
            {
              "flexDirection": "row",
              "justifyContent": "flex-end",
              "margin": 4,
            }
          }
        >
          <View
            collapsable={false}
            style={
              {
                "backgroundColor": "transparent",
                "borderRadius": 20,
                "margin": 4,
                "shadowColor": "#000",
                "shadowOffset": {
                  "height": 0,
                  "width": 0,
                },
                "shadowOpacity": 0,
                "shadowRadius": 0,
              }
            }
            testID="button-container-outer-layer"
          >
            <View
              collapsable={false}
              style={
                {
                  "backgroundColor": "transparent",
                  "borderColor": "transparent",
                  "borderRadius": 20,
                  "borderStyle": "solid",
                  "borderWidth": 0,
                  "flex": undefined,
                  "minWidth": "auto",
                  "shadowColor": "#000",
                  "shadowOffset": {
                    "height": 0,
                    "width": 0,
                  },
                  "shadowOpacity": 0,
                  "shadowRadius": 0,
                }
              }
              testID="button-container"
            >
              <View
                accessibilityRole="button"
                accessibilityState={
                  {
                    "busy": undefined,
                    "checked": undefined,
                    "disabled": false,
                    "expanded": undefined,
                    "selected": undefined,
                  }
                }
                accessibilityValue={
                  {
                    "max": undefined,
                    "min": undefined,
                    "now": undefined,
                    "text": undefined,
                  }
                }
                accessible={true}
                collapsable={false}
                focusable={true}
                onBlur={[Function]}
                onClick={[Function]}
                onFocus={[Function]}
                onResponderGrant={[Function]}
                onResponderMove={[Function]}
                onResponderRelease={[Function]}
                onResponderTerminate={[Function]}
                onResponderTerminationRequest={[Function]}
                onStartShouldSetResponder={[Function]}
                style={
                  [
                    {
                      "overflow": "hidden",
                    },
                    {
                      "borderRadius": 20,
                    },
                  ]
                }
                testID="button"
              >
                <View
                  style={
                    [
                      {
                        "alignItems": "center",
                        "flexDirection": "row",
                        "justifyContent": "center",
                      },
                      undefined,
                    ]
                  }
                >
                  <Text
                    numberOfLines={1}
                    selectable={false}
                    style={
                      [
                        {
                          "textAlign": "left",
                        },
                        {
                          "color": "rgba(28, 27, 31, 1)",
                          "writingDirection": "ltr",
                        },
                        [
                          {
                            "fontFamily": "System",
                            "fontSize": 14,
                            "fontWeight": "500",
                            "letterSpacing": 0.1,
                            "lineHeight": 20,
                          },
                          [
                            {
                              "marginHorizontal": 16,
                              "marginVertical": 9,
                              "textAlign": "center",
                            },
                            false,
                            {
                              "marginHorizontal": 12,
                            },
                            {
                              "marginHorizontal": 8,
                            },
                            false,
                            {
                              "color": "rgba(103, 80, 164, 1)",
                              "fontFamily": "System",
                              "fontSize": 14,
                              "fontWeight": "500",
                              "letterSpacing": 0.1,
                              "lineHeight": 20,
                            },
                            undefined,
                          ],
                        ],
                      ]
                    }
                    testID="button-text"
                  >
                    first
                  </Text>
                </View>
              </View>
            </View>
          </View>
        </View>
      </View>
    </View>
  </View>
</View>
`;

exports[`renders visible banner, with action buttons and without image 1`] = `
<View
  collapsable={false}
  style={
    {
      "backgroundColor": "rgb(247, 243, 249)",
      "opacity": 1,
      "shadowColor": "#000",
      "shadowOffset": {
        "height": 1,
        "width": 0,
      },
      "shadowOpacity": 0.15,
      "shadowRadius": 3,
    }
  }
  testID="surface-outer-layer"
>
  <View
    collapsable={false}
    style={
      {
        "backgroundColor": "rgb(247, 243, 249)",
        "flex": undefined,
        "shadowColor": "#000",
        "shadowOffset": {
          "height": 1,
          "width": 0,
        },
        "shadowOpacity": 0.3,
        "shadowRadius": 1,
      }
    }
    testID="surface"
  >
    <View
      style={
        [
          {
            "alignSelf": "center",
            "maxWidth": 960,
            "overflow": "hidden",
            "width": "100%",
          },
          undefined,
        ]
      }
    >
      <View
        collapsable={false}
        style={
          {
            "height": 0,
          }
        }
      />
      <View
        collapsable={false}
        onLayout={[Function]}
        style={
          [
            null,
            null,
          ]
        }
      >
        <View
          style={
            {
              "flexDirection": "row",
              "justifyContent": "flex-start",
              "marginBottom": 0,
              "marginHorizontal": 8,
              "marginTop": 16,
            }
          }
        >
          <Text
            accessibilityLiveRegion="polite"
            accessibilityRole="alert"
            style={
              [
                {
                  "textAlign": "left",
                },
                {
                  "color": "rgba(28, 27, 31, 1)",
                  "fontFamily": "System",
                  "fontWeight": "400",
                  "letterSpacing": 0,
                },
                {
                  "writingDirection": "ltr",
                },
                [
                  {
                    "flex": 1,
                    "margin": 8,
                  },
                  {
                    "color": "rgba(28, 27, 31, 1)",
                  },
                ],
              ]
            }
          >
            Two line text string with two actions. One to two lines is preferable on mobile.
          </Text>
        </View>
        <View
          style={
            {
              "flexDirection": "row",
              "justifyContent": "flex-end",
              "margin": 4,
            }
          }
        >
          <View
            collapsable={false}
            style={
              {
                "backgroundColor": "transparent",
                "borderRadius": 20,
                "margin": 4,
                "shadowColor": "#000",
                "shadowOffset": {
                  "height": 0,
                  "width": 0,
                },
                "shadowOpacity": 0,
                "shadowRadius": 0,
              }
            }
            testID="button-container-outer-layer"
          >
            <View
              collapsable={false}
              style={
                {
                  "backgroundColor": "transparent",
                  "borderColor": "transparent",
                  "borderRadius": 20,
                  "borderStyle": "solid",
                  "borderWidth": 0,
                  "flex": undefined,
                  "minWidth": "auto",
                  "shadowColor": "#000",
                  "shadowOffset": {
                    "height": 0,
                    "width": 0,
                  },
                  "shadowOpacity": 0,
                  "shadowRadius": 0,
                }
              }
              testID="button-container"
            >
              <View
                accessibilityRole="button"
                accessibilityState={
                  {
                    "busy": undefined,
                    "checked": undefined,
                    "disabled": false,
                    "expanded": undefined,
                    "selected": undefined,
                  }
                }
                accessibilityValue={
                  {
                    "max": undefined,
                    "min": undefined,
                    "now": undefined,
                    "text": undefined,
                  }
                }
                accessible={true}
                collapsable={false}
                focusable={true}
                onBlur={[Function]}
                onClick={[Function]}
                onFocus={[Function]}
                onResponderGrant={[Function]}
                onResponderMove={[Function]}
                onResponderRelease={[Function]}
                onResponderTerminate={[Function]}
                onResponderTerminationRequest={[Function]}
                onStartShouldSetResponder={[Function]}
                style={
                  [
                    {
                      "overflow": "hidden",
                    },
                    {
                      "borderRadius": 20,
                    },
                  ]
                }
                testID="button"
              >
                <View
                  style={
                    [
                      {
                        "alignItems": "center",
                        "flexDirection": "row",
                        "justifyContent": "center",
                      },
                      undefined,
                    ]
                  }
                >
                  <Text
                    numberOfLines={1}
                    selectable={false}
                    style={
                      [
                        {
                          "textAlign": "left",
                        },
                        {
                          "color": "rgba(28, 27, 31, 1)",
                          "writingDirection": "ltr",
                        },
                        [
                          {
                            "fontFamily": "System",
                            "fontSize": 14,
                            "fontWeight": "500",
                            "letterSpacing": 0.1,
                            "lineHeight": 20,
                          },
                          [
                            {
                              "marginHorizontal": 16,
                              "marginVertical": 9,
                              "textAlign": "center",
                            },
                            false,
                            {
                              "marginHorizontal": 12,
                            },
                            {
                              "marginHorizontal": 8,
                            },
                            false,
                            {
                              "color": "rgba(103, 80, 164, 1)",
                              "fontFamily": "System",
                              "fontSize": 14,
                              "fontWeight": "500",
                              "letterSpacing": 0.1,
                              "lineHeight": 20,
                            },
                            undefined,
                          ],
                        ],
                      ]
                    }
                    testID="button-text"
                  >
                    first
                  </Text>
                </View>
              </View>
            </View>
          </View>
          <View
            collapsable={false}
            style={
              {
                "backgroundColor": "transparent",
                "borderRadius": 20,
                "margin": 4,
                "shadowColor": "#000",
                "shadowOffset": {
                  "height": 0,
                  "width": 0,
                },
                "shadowOpacity": 0,
                "shadowRadius": 0,
              }
            }
            testID="button-container-outer-layer"
          >
            <View
              collapsable={false}
              style={
                {
                  "backgroundColor": "transparent",
                  "borderColor": "transparent",
                  "borderRadius": 20,
                  "borderStyle": "solid",
                  "borderWidth": 0,
                  "flex": undefined,
                  "minWidth": "auto",
                  "shadowColor": "#000",
                  "shadowOffset": {
                    "height": 0,
                    "width": 0,
                  },
                  "shadowOpacity": 0,
                  "shadowRadius": 0,
                }
              }
              testID="button-container"
            >
              <View
                accessibilityRole="button"
                accessibilityState={
                  {
                    "busy": undefined,
                    "checked": undefined,
                    "disabled": false,
                    "expanded": undefined,
                    "selected": undefined,
                  }
                }
                accessibilityValue={
                  {
                    "max": undefined,
                    "min": undefined,
                    "now": undefined,
                    "text": undefined,
                  }
                }
                accessible={true}
                collapsable={false}
                focusable={true}
                onBlur={[Function]}
                onClick={[Function]}
                onFocus={[Function]}
                onResponderGrant={[Function]}
                onResponderMove={[Function]}
                onResponderRelease={[Function]}
                onResponderTerminate={[Function]}
                onResponderTerminationRequest={[Function]}
                onStartShouldSetResponder={[Function]}
                style={
                  [
                    {
                      "overflow": "hidden",
                    },
                    {
                      "borderRadius": 20,
                    },
                  ]
                }
                testID="button"
              >
                <View
                  style={
                    [
                      {
                        "alignItems": "center",
                        "flexDirection": "row",
                        "justifyContent": "center",
                      },
                      undefined,
                    ]
                  }
                >
                  <Text
                    numberOfLines={1}
                    selectable={false}
                    style={
                      [
                        {
                          "textAlign": "left",
                        },
                        {
                          "color": "rgba(28, 27, 31, 1)",
                          "writingDirection": "ltr",
                        },
                        [
                          {
                            "fontFamily": "System",
                            "fontSize": 14,
                            "fontWeight": "500",
                            "letterSpacing": 0.1,
                            "lineHeight": 20,
                          },
                          [
                            {
                              "marginHorizontal": 16,
                              "marginVertical": 9,
                              "textAlign": "center",
                            },
                            false,
                            {
                              "marginHorizontal": 12,
                            },
                            {
                              "marginHorizontal": 8,
                            },
                            false,
                            {
                              "color": "rgba(103, 80, 164, 1)",
                              "fontFamily": "System",
                              "fontSize": 14,
                              "fontWeight": "500",
                              "letterSpacing": 0.1,
                              "lineHeight": 20,
                            },
                            undefined,
                          ],
                        ],
                      ]
                    }
                    testID="button-text"
                  >
                    second
                  </Text>
                </View>
              </View>
            </View>
          </View>
        </View>
      </View>
    </View>
  </View>
</View>
`;

exports[`renders visible banner, without action buttons and with image 1`] = `
<View
  collapsable={false}
  style={
    {
      "backgroundColor": "rgb(247, 243, 249)",
      "opacity": 1,
      "shadowColor": "#000",
      "shadowOffset": {
        "height": 1,
        "width": 0,
      },
      "shadowOpacity": 0.15,
      "shadowRadius": 3,
    }
  }
  testID="surface-outer-layer"
>
  <View
    collapsable={false}
    style={
      {
        "backgroundColor": "rgb(247, 243, 249)",
        "flex": undefined,
        "shadowColor": "#000",
        "shadowOffset": {
          "height": 1,
          "width": 0,
        },
        "shadowOpacity": 0.3,
        "shadowRadius": 1,
      }
    }
    testID="surface"
  >
    <View
      style={
        [
          {
            "alignSelf": "center",
            "maxWidth": 960,
            "overflow": "hidden",
            "width": "100%",
          },
          undefined,
        ]
      }
    >
      <View
        collapsable={false}
        style={
          {
            "height": 0,
          }
        }
      />
      <View
        collapsable={false}
        onLayout={[Function]}
        style={
          [
            null,
            null,
          ]
        }
      >
        <View
          style={
            {
              "flexDirection": "row",
              "justifyContent": "flex-start",
              "marginBottom": 0,
              "marginHorizontal": 8,
              "marginTop": 16,
            }
          }
        >
          <View
            style={
              {
                "margin": 8,
              }
            }
          >
            <Image
              accessibilityIgnoresInvertColors={true}
              source={
                {
                  "uri": "https://callstack.com/images/team/Satya.png",
                }
              }
              style={
                {
                  "height": 40,
                  "width": 40,
                }
              }
            />
          </View>
          <Text
            accessibilityLiveRegion="polite"
            accessibilityRole="alert"
            style={
              [
                {
                  "textAlign": "left",
                },
                {
                  "color": "rgba(28, 27, 31, 1)",
                  "fontFamily": "System",
                  "fontWeight": "400",
                  "letterSpacing": 0,
                },
                {
                  "writingDirection": "ltr",
                },
                [
                  {
                    "flex": 1,
                    "margin": 8,
                  },
                  {
                    "color": "rgba(28, 27, 31, 1)",
                  },
                ],
              ]
            }
          >
            Two line text string with two actions. One to two lines is preferable on mobile.
          </Text>
        </View>
        <View
          style={
            {
              "flexDirection": "row",
              "justifyContent": "flex-end",
              "margin": 4,
            }
          }
        />
      </View>
    </View>
  </View>
</View>
`;

exports[`renders visible banner, without action buttons and without image 1`] = `
<View
  collapsable={false}
  style={
    {
      "backgroundColor": "rgb(247, 243, 249)",
      "opacity": 1,
      "shadowColor": "#000",
      "shadowOffset": {
        "height": 1,
        "width": 0,
      },
      "shadowOpacity": 0.15,
      "shadowRadius": 3,
    }
  }
  testID="surface-outer-layer"
>
  <View
    collapsable={false}
    style={
      {
        "backgroundColor": "rgb(247, 243, 249)",
        "flex": undefined,
        "shadowColor": "#000",
        "shadowOffset": {
          "height": 1,
          "width": 0,
        },
        "shadowOpacity": 0.3,
        "shadowRadius": 1,
      }
    }
    testID="surface"
  >
    <View
      style={
        [
          {
            "alignSelf": "center",
            "maxWidth": 960,
            "overflow": "hidden",
            "width": "100%",
          },
          undefined,
        ]
      }
    >
      <View
        collapsable={false}
        style={
          {
            "height": 0,
          }
        }
      />
      <View
        collapsable={false}
        onLayout={[Function]}
        style={
          [
            null,
            null,
          ]
        }
      >
        <View
          style={
            {
              "flexDirection": "row",
              "justifyContent": "flex-start",
              "marginBottom": 0,
              "marginHorizontal": 8,
              "marginTop": 16,
            }
          }
        >
          <Text
            accessibilityLiveRegion="polite"
            accessibilityRole="alert"
            style={
              [
                {
                  "textAlign": "left",
                },
                {
                  "color": "rgba(28, 27, 31, 1)",
                  "fontFamily": "System",
                  "fontWeight": "400",
                  "letterSpacing": 0,
                },
                {
                  "writingDirection": "ltr",
                },
                [
                  {
                    "flex": 1,
                    "margin": 8,
                  },
                  {
                    "color": "rgba(28, 27, 31, 1)",
                  },
                ],
              ]
            }
          >
            Two line text string with two actions. One to two lines is preferable on mobile.
          </Text>
        </View>
        <View
          style={
            {
              "flexDirection": "row",
              "justifyContent": "flex-end",
              "margin": 4,
            }
          }
        />
      </View>
    </View>
  </View>
</View>
`;
