// Jest Snapshot v1, https://goo.gl/fbAQLP

exports[`renders DrawerItem with icon 1`] = `
<View>
  <View
    accessibilityRole="button"
    accessibilityState={
      {
        "busy": undefined,
        "checked": undefined,
        "disabled": true,
        "expanded": undefined,
        "selected": undefined,
      }
    }
    accessibilityValue={
      {
        "max": undefined,
        "min": undefined,
        "now": undefined,
        "text": undefined,
      }
    }
    accessible={true}
    collapsable={false}
    focusable={true}
    onBlur={[Function]}
    onClick={[Function]}
    onFocus={[Function]}
    onResponderGrant={[Function]}
    onResponderMove={[Function]}
    onResponderRelease={[Function]}
    onResponderTerminate={[Function]}
    onResponderTerminationRequest={[Function]}
    onStartShouldSetResponder={[Function]}
    style={
      [
        {
          "overflow": "hidden",
        },
        [
          {
            "marginHorizontal": 10,
            "marginVertical": 4,
          },
          {
            "backgroundColor": undefined,
            "borderRadius": 28,
          },
          {
            "height": 56,
            "justifyContent": "center",
            "marginLeft": 12,
            "marginRight": 12,
            "marginVertical": 0,
          },
          undefined,
        ],
      ]
    }
  >
    <View
      style={
        [
          {
            "alignItems": "center",
            "flexDirection": "row",
            "padding": 8,
          },
          {
            "marginLeft": 16,
            "marginRight": 24,
            "padding": 0,
          },
        ]
      }
    >
      <View
        style={
          {
            "alignItems": "center",
            "flex": 1,
            "flexDirection": "row",
          }
        }
      >
        <Text
          accessibilityElementsHidden={true}
          importantForAccessibility="no-hide-descendants"
          pointerEvents="none"
          selectable={false}
          style={
            [
              {
                "color": "rgba(73, 69, 79, 1)",
                "fontSize": 24,
              },
              [
                {
                  "lineHeight": 24,
                  "transform": [
                    {
                      "scaleX": 1,
                    },
                  ],
                },
                {
                  "backgroundColor": "transparent",
                },
              ],
            ]
          }
        >
          information
        </Text>
        <Text
          numberOfLines={1}
          selectable={false}
          style={
            [
              {
                "textAlign": "left",
              },
              {
                "color": "rgba(28, 27, 31, 1)",
                "writingDirection": "ltr",
              },
              [
                {
                  "fontFamily": "System",
                  "fontSize": 14,
                  "fontWeight": "500",
                  "letterSpacing": 0.1,
                  "lineHeight": 20,
                },
                [
                  {
                    "marginRight": 32,
                  },
                  {
                    "color": "rgba(73, 69, 79, 1)",
                    "fontFamily": "System",
                    "fontSize": 14,
                    "fontWeight": "500",
                    "letterSpacing": 0.1,
                    "lineHeight": 20,
                    "marginLeft": 12,
                  },
                ],
              ],
            ]
          }
        >
          Example item
        </Text>
      </View>
    </View>
  </View>
</View>
`;

exports[`renders active DrawerItem 1`] = `
<View>
  <View
    accessibilityRole="button"
    accessibilityState={
      {
        "busy": undefined,
        "checked": undefined,
        "disabled": true,
        "expanded": undefined,
        "selected": true,
      }
    }
    accessibilityValue={
      {
        "max": undefined,
        "min": undefined,
        "now": undefined,
        "text": undefined,
      }
    }
    accessible={true}
    collapsable={false}
    focusable={true}
    onBlur={[Function]}
    onClick={[Function]}
    onFocus={[Function]}
    onResponderGrant={[Function]}
    onResponderMove={[Function]}
    onResponderRelease={[Function]}
    onResponderTerminate={[Function]}
    onResponderTerminationRequest={[Function]}
    onStartShouldSetResponder={[Function]}
    style={
      [
        {
          "overflow": "hidden",
        },
        [
          {
            "marginHorizontal": 10,
            "marginVertical": 4,
          },
          {
            "backgroundColor": "rgba(232, 222, 248, 1)",
            "borderRadius": 28,
          },
          {
            "height": 56,
            "justifyContent": "center",
            "marginLeft": 12,
            "marginRight": 12,
            "marginVertical": 0,
          },
          undefined,
        ],
      ]
    }
  >
    <View
      style={
        [
          {
            "alignItems": "center",
            "flexDirection": "row",
            "padding": 8,
          },
          {
            "marginLeft": 16,
            "marginRight": 24,
            "padding": 0,
          },
        ]
      }
    >
      <View
        style={
          {
            "alignItems": "center",
            "flex": 1,
            "flexDirection": "row",
          }
        }
      >
        <Text
          accessibilityElementsHidden={true}
          importantForAccessibility="no-hide-descendants"
          pointerEvents="none"
          selectable={false}
          style={
            [
              {
                "color": "rgba(29, 25, 43, 1)",
                "fontSize": 24,
              },
              [
                {
                  "lineHeight": 24,
                  "transform": [
                    {
                      "scaleX": 1,
                    },
                  ],
                },
                {
                  "backgroundColor": "transparent",
                },
              ],
            ]
          }
        >
          information
        </Text>
        <Text
          numberOfLines={1}
          selectable={false}
          style={
            [
              {
                "textAlign": "left",
              },
              {
                "color": "rgba(28, 27, 31, 1)",
                "writingDirection": "ltr",
              },
              [
                {
                  "fontFamily": "System",
                  "fontSize": 14,
                  "fontWeight": "500",
                  "letterSpacing": 0.1,
                  "lineHeight": 20,
                },
                [
                  {
                    "marginRight": 32,
                  },
                  {
                    "color": "rgba(29, 25, 43, 1)",
                    "fontFamily": "System",
                    "fontSize": 14,
                    "fontWeight": "500",
                    "letterSpacing": 0.1,
                    "lineHeight": 20,
                    "marginLeft": 12,
                  },
                ],
              ],
            ]
          }
        >
          Example item
        </Text>
      </View>
    </View>
  </View>
</View>
`;

exports[`renders basic DrawerItem 1`] = `
<View>
  <View
    accessibilityRole="button"
    accessibilityState={
      {
        "busy": undefined,
        "checked": undefined,
        "disabled": false,
        "expanded": undefined,
        "selected": undefined,
      }
    }
    accessibilityValue={
      {
        "max": undefined,
        "min": undefined,
        "now": undefined,
        "text": undefined,
      }
    }
    accessible={true}
    collapsable={false}
    focusable={true}
    onBlur={[Function]}
    onClick={[Function]}
    onFocus={[Function]}
    onResponderGrant={[Function]}
    onResponderMove={[Function]}
    onResponderRelease={[Function]}
    onResponderTerminate={[Function]}
    onResponderTerminationRequest={[Function]}
    onStartShouldSetResponder={[Function]}
    style={
      [
        {
          "overflow": "hidden",
        },
        [
          {
            "marginHorizontal": 10,
            "marginVertical": 4,
          },
          {
            "backgroundColor": undefined,
            "borderRadius": 28,
          },
          {
            "height": 56,
            "justifyContent": "center",
            "marginLeft": 12,
            "marginRight": 12,
            "marginVertical": 0,
          },
          undefined,
        ],
      ]
    }
  >
    <View
      style={
        [
          {
            "alignItems": "center",
            "flexDirection": "row",
            "padding": 8,
          },
          {
            "marginLeft": 16,
            "marginRight": 24,
            "padding": 0,
          },
        ]
      }
    >
      <View
        style={
          {
            "alignItems": "center",
            "flex": 1,
            "flexDirection": "row",
          }
        }
      >
        <Text
          numberOfLines={1}
          selectable={false}
          style={
            [
              {
                "textAlign": "left",
              },
              {
                "color": "rgba(28, 27, 31, 1)",
                "writingDirection": "ltr",
              },
              [
                {
                  "fontFamily": "System",
                  "fontSize": 14,
                  "fontWeight": "500",
                  "letterSpacing": 0.1,
                  "lineHeight": 20,
                },
                [
                  {
                    "marginRight": 32,
                  },
                  {
                    "color": "rgba(73, 69, 79, 1)",
                    "fontFamily": "System",
                    "fontSize": 14,
                    "fontWeight": "500",
                    "letterSpacing": 0.1,
                    "lineHeight": 20,
                    "marginLeft": 0,
                  },
                ],
              ],
            ]
          }
        >
          Example item
        </Text>
      </View>
    </View>
  </View>
</View>
`;
