// Jest Snapshot v1, https://goo.gl/fbAQLP

exports[`renders disabled icon button 1`] = `
<View
  collapsable={false}
  style={
    {
      "backgroundColor": "transparent",
      "borderRadius": 20,
      "height": 40,
      "margin": 6,
      "shadowColor": "#000",
      "shadowOffset": {
        "height": 0,
        "width": 0,
      },
      "shadowOpacity": 0,
      "shadowRadius": 0,
      "width": 40,
    }
  }
  testID="icon-button-container-outer-layer"
>
  <View
    collapsable={false}
    style={
      {
        "backgroundColor": "transparent",
        "borderColor": "rgba(28, 27, 31, 0.12)",
        "borderRadius": 20,
        "borderWidth": 0,
        "elevation": 0,
        "flex": 1,
        "overflow": "hidden",
        "shadowColor": "#000",
        "shadowOffset": {
          "height": 0,
          "width": 0,
        },
        "shadowOpacity": 0,
        "shadowRadius": 0,
      }
    }
    testID="icon-button-container"
  >
    <View
      accessibilityComponentType="button"
      accessibilityRole="button"
      accessibilityState={
        {
          "busy": undefined,
          "checked": undefined,
          "disabled": true,
          "expanded": undefined,
          "selected": undefined,
        }
      }
      accessibilityTraits={
        [
          "button",
          "disabled",
        ]
      }
      accessibilityValue={
        {
          "max": undefined,
          "min": undefined,
          "now": undefined,
          "text": undefined,
        }
      }
      accessible={true}
      centered={true}
      collapsable={false}
      focusable={true}
      hitSlop={
        {
          "bottom": 6,
          "left": 6,
          "right": 6,
          "top": 6,
        }
      }
      onBlur={[Function]}
      onClick={[Function]}
      onFocus={[Function]}
      onResponderGrant={[Function]}
      onResponderMove={[Function]}
      onResponderRelease={[Function]}
      onResponderTerminate={[Function]}
      onResponderTerminationRequest={[Function]}
      onStartShouldSetResponder={[Function]}
      style={
        [
          {
            "overflow": "hidden",
          },
          [
            {
              "alignItems": "center",
              "flexGrow": 1,
              "justifyContent": "center",
            },
            undefined,
          ],
        ]
      }
      testID="icon-button"
    >
      <Text
        accessibilityElementsHidden={true}
        importantForAccessibility="no-hide-descendants"
        pointerEvents="none"
        selectable={false}
        style={
          [
            {
              "color": "rgba(28, 27, 31, 0.38)",
              "fontSize": 24,
            },
            [
              {
                "lineHeight": 24,
                "transform": [
                  {
                    "scaleX": 1,
                  },
                ],
              },
              {
                "backgroundColor": "transparent",
              },
            ],
          ]
        }
      >
        camera
      </Text>
    </View>
  </View>
</View>
`;

exports[`renders icon button by default 1`] = `
<View
  collapsable={false}
  style={
    {
      "backgroundColor": "transparent",
      "borderRadius": 20,
      "height": 40,
      "margin": 6,
      "shadowColor": "#000",
      "shadowOffset": {
        "height": 0,
        "width": 0,
      },
      "shadowOpacity": 0,
      "shadowRadius": 0,
      "width": 40,
    }
  }
  testID="icon-button-container-outer-layer"
>
  <View
    collapsable={false}
    style={
      {
        "backgroundColor": "transparent",
        "borderColor": "rgba(121, 116, 126, 1)",
        "borderRadius": 20,
        "borderWidth": 0,
        "elevation": 0,
        "flex": 1,
        "overflow": "hidden",
        "shadowColor": "#000",
        "shadowOffset": {
          "height": 0,
          "width": 0,
        },
        "shadowOpacity": 0,
        "shadowRadius": 0,
      }
    }
    testID="icon-button-container"
  >
    <View
      accessibilityComponentType="button"
      accessibilityRole="button"
      accessibilityState={
        {
          "busy": undefined,
          "checked": undefined,
          "disabled": true,
          "expanded": undefined,
          "selected": undefined,
        }
      }
      accessibilityTraits="button"
      accessibilityValue={
        {
          "max": undefined,
          "min": undefined,
          "now": undefined,
          "text": undefined,
        }
      }
      accessible={true}
      centered={true}
      collapsable={false}
      focusable={true}
      hitSlop={
        {
          "bottom": 6,
          "left": 6,
          "right": 6,
          "top": 6,
        }
      }
      onBlur={[Function]}
      onClick={[Function]}
      onFocus={[Function]}
      onResponderGrant={[Function]}
      onResponderMove={[Function]}
      onResponderRelease={[Function]}
      onResponderTerminate={[Function]}
      onResponderTerminationRequest={[Function]}
      onStartShouldSetResponder={[Function]}
      style={
        [
          {
            "overflow": "hidden",
          },
          [
            {
              "alignItems": "center",
              "flexGrow": 1,
              "justifyContent": "center",
            },
            undefined,
          ],
        ]
      }
      testID="icon-button"
    >
      <Text
        accessibilityElementsHidden={true}
        importantForAccessibility="no-hide-descendants"
        pointerEvents="none"
        selectable={false}
        style={
          [
            {
              "color": "rgba(73, 69, 79, 1)",
              "fontSize": 24,
            },
            [
              {
                "lineHeight": 24,
                "transform": [
                  {
                    "scaleX": 1,
                  },
                ],
              },
              {
                "backgroundColor": "transparent",
              },
            ],
          ]
        }
      >
        camera
      </Text>
    </View>
  </View>
</View>
`;

exports[`renders icon button with color 1`] = `
<View
  collapsable={false}
  style={
    {
      "backgroundColor": "transparent",
      "borderRadius": 20,
      "height": 40,
      "margin": 6,
      "shadowColor": "#000",
      "shadowOffset": {
        "height": 0,
        "width": 0,
      },
      "shadowOpacity": 0,
      "shadowRadius": 0,
      "width": 40,
    }
  }
  testID="icon-button-container-outer-layer"
>
  <View
    collapsable={false}
    style={
      {
        "backgroundColor": "transparent",
        "borderColor": "rgba(121, 116, 126, 1)",
        "borderRadius": 20,
        "borderWidth": 0,
        "elevation": 0,
        "flex": 1,
        "overflow": "hidden",
        "shadowColor": "#000",
        "shadowOffset": {
          "height": 0,
          "width": 0,
        },
        "shadowOpacity": 0,
        "shadowRadius": 0,
      }
    }
    testID="icon-button-container"
  >
    <View
      accessibilityComponentType="button"
      accessibilityRole="button"
      accessibilityState={
        {
          "busy": undefined,
          "checked": undefined,
          "disabled": true,
          "expanded": undefined,
          "selected": undefined,
        }
      }
      accessibilityTraits="button"
      accessibilityValue={
        {
          "max": undefined,
          "min": undefined,
          "now": undefined,
          "text": undefined,
        }
      }
      accessible={true}
      centered={true}
      collapsable={false}
      focusable={true}
      hitSlop={
        {
          "bottom": 6,
          "left": 6,
          "right": 6,
          "top": 6,
        }
      }
      onBlur={[Function]}
      onClick={[Function]}
      onFocus={[Function]}
      onResponderGrant={[Function]}
      onResponderMove={[Function]}
      onResponderRelease={[Function]}
      onResponderTerminate={[Function]}
      onResponderTerminationRequest={[Function]}
      onStartShouldSetResponder={[Function]}
      style={
        [
          {
            "overflow": "hidden",
          },
          [
            {
              "alignItems": "center",
              "flexGrow": 1,
              "justifyContent": "center",
            },
            undefined,
          ],
        ]
      }
      testID="icon-button"
    >
      <Text
        accessibilityElementsHidden={true}
        importantForAccessibility="no-hide-descendants"
        pointerEvents="none"
        selectable={false}
        style={
          [
            {
              "color": "#e91e63",
              "fontSize": 24,
            },
            [
              {
                "lineHeight": 24,
                "transform": [
                  {
                    "scaleX": 1,
                  },
                ],
              },
              {
                "backgroundColor": "transparent",
              },
            ],
          ]
        }
      >
        camera
      </Text>
    </View>
  </View>
</View>
`;

exports[`renders icon button with size 1`] = `
<View
  collapsable={false}
  style={
    {
      "backgroundColor": "transparent",
      "borderRadius": 23,
      "height": 46,
      "margin": 6,
      "shadowColor": "#000",
      "shadowOffset": {
        "height": 0,
        "width": 0,
      },
      "shadowOpacity": 0,
      "shadowRadius": 0,
      "width": 46,
    }
  }
  testID="icon-button-container-outer-layer"
>
  <View
    collapsable={false}
    style={
      {
        "backgroundColor": "transparent",
        "borderColor": "rgba(121, 116, 126, 1)",
        "borderRadius": 23,
        "borderWidth": 0,
        "elevation": 0,
        "flex": 1,
        "overflow": "hidden",
        "shadowColor": "#000",
        "shadowOffset": {
          "height": 0,
          "width": 0,
        },
        "shadowOpacity": 0,
        "shadowRadius": 0,
      }
    }
    testID="icon-button-container"
  >
    <View
      accessibilityComponentType="button"
      accessibilityRole="button"
      accessibilityState={
        {
          "busy": undefined,
          "checked": undefined,
          "disabled": true,
          "expanded": undefined,
          "selected": undefined,
        }
      }
      accessibilityTraits="button"
      accessibilityValue={
        {
          "max": undefined,
          "min": undefined,
          "now": undefined,
          "text": undefined,
        }
      }
      accessible={true}
      centered={true}
      collapsable={false}
      focusable={true}
      hitSlop={
        {
          "bottom": 6,
          "left": 6,
          "right": 6,
          "top": 6,
        }
      }
      onBlur={[Function]}
      onClick={[Function]}
      onFocus={[Function]}
      onResponderGrant={[Function]}
      onResponderMove={[Function]}
      onResponderRelease={[Function]}
      onResponderTerminate={[Function]}
      onResponderTerminationRequest={[Function]}
      onStartShouldSetResponder={[Function]}
      style={
        [
          {
            "overflow": "hidden",
          },
          [
            {
              "alignItems": "center",
              "flexGrow": 1,
              "justifyContent": "center",
            },
            undefined,
          ],
        ]
      }
      testID="icon-button"
    >
      <Text
        accessibilityElementsHidden={true}
        importantForAccessibility="no-hide-descendants"
        pointerEvents="none"
        selectable={false}
        style={
          [
            {
              "color": "rgba(73, 69, 79, 1)",
              "fontSize": 30,
            },
            [
              {
                "lineHeight": 30,
                "transform": [
                  {
                    "scaleX": 1,
                  },
                ],
              },
              {
                "backgroundColor": "transparent",
              },
            ],
          ]
        }
      >
        camera
      </Text>
    </View>
  </View>
</View>
`;

exports[`renders icon change animated 1`] = `
<View
  collapsable={false}
  style={
    {
      "backgroundColor": "transparent",
      "borderRadius": 20,
      "height": 40,
      "margin": 6,
      "shadowColor": "#000",
      "shadowOffset": {
        "height": 0,
        "width": 0,
      },
      "shadowOpacity": 0,
      "shadowRadius": 0,
      "width": 40,
    }
  }
  testID="icon-button-container-outer-layer"
>
  <View
    collapsable={false}
    style={
      {
        "backgroundColor": "transparent",
        "borderColor": "rgba(121, 116, 126, 1)",
        "borderRadius": 20,
        "borderWidth": 0,
        "elevation": 0,
        "flex": 1,
        "overflow": "hidden",
        "shadowColor": "#000",
        "shadowOffset": {
          "height": 0,
          "width": 0,
        },
        "shadowOpacity": 0,
        "shadowRadius": 0,
      }
    }
    testID="icon-button-container"
  >
    <View
      accessibilityComponentType="button"
      accessibilityRole="button"
      accessibilityState={
        {
          "busy": undefined,
          "checked": undefined,
          "disabled": true,
          "expanded": undefined,
          "selected": undefined,
        }
      }
      accessibilityTraits="button"
      accessibilityValue={
        {
          "max": undefined,
          "min": undefined,
          "now": undefined,
          "text": undefined,
        }
      }
      accessible={true}
      centered={true}
      collapsable={false}
      focusable={true}
      hitSlop={
        {
          "bottom": 6,
          "left": 6,
          "right": 6,
          "top": 6,
        }
      }
      onBlur={[Function]}
      onClick={[Function]}
      onFocus={[Function]}
      onResponderGrant={[Function]}
      onResponderMove={[Function]}
      onResponderRelease={[Function]}
      onResponderTerminate={[Function]}
      onResponderTerminationRequest={[Function]}
      onStartShouldSetResponder={[Function]}
      style={
        [
          {
            "overflow": "hidden",
          },
          [
            {
              "alignItems": "center",
              "flexGrow": 1,
              "justifyContent": "center",
            },
            undefined,
          ],
        ]
      }
      testID="icon-button"
    >
      <View
        style={
          [
            {
              "alignItems": "center",
              "justifyContent": "center",
            },
            {
              "height": 24,
              "width": 24,
            },
          ]
        }
      >
        <View
          collapsable={false}
          style={
            [
              {
                "bottom": 0,
                "left": 0,
                "position": "absolute",
                "right": 0,
                "top": 0,
              },
              {
                "opacity": 1,
                "transform": [
                  {
                    "rotate": "0deg",
                  },
                ],
              },
            ]
          }
          testID="cross-fade-icon-current"
        >
          <Text
            accessibilityElementsHidden={true}
            importantForAccessibility="no-hide-descendants"
            pointerEvents="none"
            selectable={false}
            style={
              [
                {
                  "color": "rgba(73, 69, 79, 1)",
                  "fontSize": 24,
                },
                [
                  {
                    "lineHeight": 24,
                    "transform": [
                      {
                        "scaleX": 1,
                      },
                    ],
                  },
                  {
                    "backgroundColor": "transparent",
                  },
                ],
              ]
            }
          >
            camera
          </Text>
        </View>
      </View>
    </View>
  </View>
</View>
`;
