// Jest Snapshot v1, https://goo.gl/fbAQLP

exports[`renders list item with custom description 1`] = `
<View
  accessibilityState={
    {
      "busy": undefined,
      "checked": undefined,
      "disabled": true,
      "expanded": undefined,
      "selected": undefined,
    }
  }
  accessibilityValue={
    {
      "max": undefined,
      "min": undefined,
      "now": undefined,
      "text": undefined,
    }
  }
  accessible={true}
  collapsable={false}
  focusable={true}
  onBlur={[Function]}
  onClick={[Function]}
  onFocus={[Function]}
  onResponderGrant={[Function]}
  onResponderMove={[Function]}
  onResponderRelease={[Function]}
  onResponderTerminate={[Function]}
  onResponderTerminationRequest={[Function]}
  onStartShouldSetResponder={[Function]}
  style={
    [
      false,
      [
        {
          "paddingRight": 24,
          "paddingVertical": 8,
        },
        undefined,
      ],
    ]
  }
  testID="list-item"
>
  <View
    style={
      [
        {
          "flexDirection": "row",
          "marginVertical": 6,
          "width": "100%",
        },
        undefined,
      ]
    }
  >
    <View
      style={
        [
          {
            "paddingLeft": 16,
          },
          {
            "flexGrow": 1,
            "flexShrink": 1,
            "justifyContent": "center",
          },
          undefined,
        ]
      }
      testID="list-item-content"
    >
      <Text
        numberOfLines={1}
        selectable={false}
        style={
          [
            {
              "textAlign": "left",
            },
            {
              "color": "rgba(28, 27, 31, 1)",
              "fontFamily": "System",
              "fontWeight": "400",
              "letterSpacing": 0,
            },
            {
              "writingDirection": "ltr",
            },
            [
              {
                "fontSize": 16,
              },
              {
                "color": "rgba(28, 27, 31, 1)",
              },
              undefined,
            ],
          ]
        }
      >
        List Item with custom description
      </Text>
      <View>
        <Text
          numberOfLines={2}
          style={
            {
              "color": "rgba(73, 69, 79, 1)",
              "fontSize": 14,
            }
          }
        >
          React Native Paper is a high-quality, standard-compliant Design Design library that has you covered in all major use-cases.
        </Text>
        <View>
          <View
            collapsable={false}
            style={
              {
                "backgroundColor": "rgba(232, 222, 248, 1)",
                "borderRadius": 8,
                "shadowColor": "#000",
                "shadowOffset": {
                  "height": 0,
                  "width": 0,
                },
                "shadowOpacity": 0,
                "shadowRadius": 0,
              }
            }
            testID="chip-container-outer-layer"
          >
            <View
              collapsable={false}
              style={
                {
                  "backgroundColor": "rgba(232, 222, 248, 1)",
                  "borderColor": "transparent",
                  "borderRadius": 8,
                  "borderStyle": "solid",
                  "borderWidth": 1,
                  "flex": undefined,
                  "flexDirection": "column",
                  "shadowColor": "#000",
                  "shadowOffset": {
                    "height": 0,
                    "width": 0,
                  },
                  "shadowOpacity": 0,
                  "shadowRadius": 0,
                }
              }
              testID="chip-container"
            >
              <View
                accessibilityRole="button"
                accessibilityState={
                  {
                    "busy": undefined,
                    "checked": undefined,
                    "disabled": false,
                    "expanded": undefined,
                    "selected": false,
                  }
                }
                accessibilityValue={
                  {
                    "max": undefined,
                    "min": undefined,
                    "now": undefined,
                    "text": undefined,
                  }
                }
                accessible={true}
                collapsable={false}
                focusable={true}
                onBlur={[Function]}
                onClick={[Function]}
                onFocus={[Function]}
                onResponderGrant={[Function]}
                onResponderMove={[Function]}
                onResponderRelease={[Function]}
                onResponderTerminate={[Function]}
                onResponderTerminationRequest={[Function]}
                onStartShouldSetResponder={[Function]}
                style={
                  [
                    {
                      "overflow": "hidden",
                    },
                    [
                      {
                        "borderRadius": 8,
                      },
                      {
                        "width": "100%",
                      },
                    ],
                  ]
                }
                testID="chip"
              >
                <View
                  style={
                    [
                      {
                        "alignItems": "center",
                        "flexDirection": "row",
                        "paddingLeft": 4,
                        "position": "relative",
                      },
                      {
                        "paddingLeft": 0,
                      },
                      {
                        "paddingRight": 0,
                      },
                    ]
                  }
                >
                  <View
                    style={
                      [
                        {
                          "alignSelf": "center",
                          "padding": 4,
                        },
                        {
                          "paddingLeft": 8,
                          "paddingRight": 0,
                        },
                        null,
                      ]
                    }
                  >
                    <Text
                      accessibilityElementsHidden={true}
                      importantForAccessibility="no-hide-descendants"
                      pointerEvents="none"
                      selectable={false}
                      style={
                        [
                          {
                            "color": "rgba(103, 80, 164, 1)",
                            "fontSize": 18,
                          },
                          [
                            {
                              "lineHeight": 18,
                              "transform": [
                                {
                                  "scaleX": 1,
                                },
                              ],
                            },
                            {
                              "backgroundColor": "transparent",
                            },
                          ],
                        ]
                      }
                    >
                      file-pdf-box
                    </Text>
                  </View>
                  <Text
                    numberOfLines={1}
                    selectable={false}
                    style={
                      [
                        {
                          "textAlign": "left",
                        },
                        {
                          "color": "rgba(28, 27, 31, 1)",
                          "writingDirection": "ltr",
                        },
                        [
                          {
                            "fontFamily": "System",
                            "fontSize": 14,
                            "fontWeight": "500",
                            "letterSpacing": 0.1,
                            "lineHeight": 20,
                          },
                          [
                            {
                              "marginVertical": 6,
                              "textAlignVertical": "center",
                            },
                            {
                              "color": "rgba(29, 25, 43, 1)",
                              "fontFamily": "System",
                              "fontSize": 14,
                              "fontWeight": "500",
                              "letterSpacing": 0.1,
                              "lineHeight": 20,
                            },
                            {
                              "marginLeft": 8,
                              "marginRight": 16,
                            },
                            undefined,
                          ],
                        ],
                      ]
                    }
                  >
                    DOCS.pdf
                  </Text>
                </View>
              </View>
            </View>
          </View>
        </View>
      </View>
    </View>
  </View>
</View>
`;

exports[`renders list item with custom title and description styles 1`] = `
<View
  accessibilityState={
    {
      "busy": undefined,
      "checked": undefined,
      "disabled": true,
      "expanded": undefined,
      "selected": undefined,
    }
  }
  accessibilityValue={
    {
      "max": undefined,
      "min": undefined,
      "now": undefined,
      "text": undefined,
    }
  }
  accessible={true}
  collapsable={false}
  focusable={true}
  onBlur={[Function]}
  onClick={[Function]}
  onFocus={[Function]}
  onResponderGrant={[Function]}
  onResponderMove={[Function]}
  onResponderRelease={[Function]}
  onResponderTerminate={[Function]}
  onResponderTerminationRequest={[Function]}
  onStartShouldSetResponder={[Function]}
  style={
    [
      false,
      [
        {
          "paddingRight": 24,
          "paddingVertical": 8,
        },
        undefined,
      ],
    ]
  }
  testID="list-item"
>
  <View
    style={
      [
        {
          "flexDirection": "row",
          "marginVertical": 6,
          "width": "100%",
        },
        undefined,
      ]
    }
  >
    <View
      style={
        [
          {
            "paddingLeft": 16,
          },
          {
            "flexGrow": 1,
            "flexShrink": 1,
            "justifyContent": "center",
          },
          undefined,
        ]
      }
      testID="list-item-content"
    >
      <Text
        numberOfLines={1}
        selectable={false}
        style={
          [
            {
              "textAlign": "left",
            },
            {
              "color": "rgba(28, 27, 31, 1)",
              "fontFamily": "System",
              "fontWeight": "400",
              "letterSpacing": 0,
            },
            {
              "writingDirection": "ltr",
            },
            [
              {
                "fontSize": 16,
              },
              {
                "color": "rgba(28, 27, 31, 1)",
              },
              {
                "fontSize": 20,
              },
            ],
          ]
        }
      >
        First Item
      </Text>
      <Text
        numberOfLines={2}
        onTextLayout={[Function]}
        selectable={false}
        style={
          [
            {
              "textAlign": "left",
            },
            {
              "color": "rgba(28, 27, 31, 1)",
              "fontFamily": "System",
              "fontWeight": "400",
              "letterSpacing": 0,
            },
            {
              "writingDirection": "ltr",
            },
            [
              {
                "fontSize": 14,
              },
              {
                "color": "rgba(73, 69, 79, 1)",
              },
              {
                "color": "#f44336",
              },
            ],
          ]
        }
      >
        Item description
      </Text>
    </View>
  </View>
</View>
`;

exports[`renders list item with left and right items 1`] = `
<View
  accessibilityState={
    {
      "busy": undefined,
      "checked": undefined,
      "disabled": true,
      "expanded": undefined,
      "selected": undefined,
    }
  }
  accessibilityValue={
    {
      "max": undefined,
      "min": undefined,
      "now": undefined,
      "text": undefined,
    }
  }
  accessible={true}
  collapsable={false}
  focusable={true}
  onBlur={[Function]}
  onClick={[Function]}
  onFocus={[Function]}
  onResponderGrant={[Function]}
  onResponderMove={[Function]}
  onResponderRelease={[Function]}
  onResponderTerminate={[Function]}
  onResponderTerminationRequest={[Function]}
  onStartShouldSetResponder={[Function]}
  style={
    [
      false,
      [
        {
          "paddingRight": 24,
          "paddingVertical": 8,
        },
        undefined,
      ],
    ]
  }
  testID="list-item"
>
  <View
    style={
      [
        {
          "flexDirection": "row",
          "marginVertical": 6,
          "width": "100%",
        },
        undefined,
      ]
    }
  >
    <Text>
      GG
    </Text>
    <View
      style={
        [
          {
            "paddingLeft": 16,
          },
          {
            "flexGrow": 1,
            "flexShrink": 1,
            "justifyContent": "center",
          },
          undefined,
        ]
      }
      testID="list-item-content"
    >
      <Text
        numberOfLines={1}
        selectable={false}
        style={
          [
            {
              "textAlign": "left",
            },
            {
              "color": "rgba(28, 27, 31, 1)",
              "fontFamily": "System",
              "fontWeight": "400",
              "letterSpacing": 0,
            },
            {
              "writingDirection": "ltr",
            },
            [
              {
                "fontSize": 16,
              },
              {
                "color": "rgba(28, 27, 31, 1)",
              },
              undefined,
            ],
          ]
        }
      >
        First Item
      </Text>
      <Text
        numberOfLines={2}
        onTextLayout={[Function]}
        selectable={false}
        style={
          [
            {
              "textAlign": "left",
            },
            {
              "color": "rgba(28, 27, 31, 1)",
              "fontFamily": "System",
              "fontWeight": "400",
              "letterSpacing": 0,
            },
            {
              "writingDirection": "ltr",
            },
            [
              {
                "fontSize": 14,
              },
              {
                "color": "rgba(73, 69, 79, 1)",
              },
              undefined,
            ],
          ]
        }
      >
        Item description
      </Text>
    </View>
    <View
      pointerEvents="box-none"
      style={
        [
          {
            "alignItems": "center",
            "justifyContent": "center",
          },
          {
            "alignSelf": "center",
            "marginLeft": 16,
            "marginRight": 0,
          },
        ]
      }
    >
      <Text
        accessibilityElementsHidden={true}
        importantForAccessibility="no-hide-descendants"
        pointerEvents="none"
        selectable={false}
        style={
          [
            {
              "color": "rgba(73, 69, 79, 1)",
              "fontSize": 24,
            },
            [
              {
                "lineHeight": 24,
                "transform": [
                  {
                    "scaleX": 1,
                  },
                ],
              },
              {
                "backgroundColor": "transparent",
              },
            ],
          ]
        }
      >
        folder
      </Text>
    </View>
  </View>
</View>
`;

exports[`renders list item with left item 1`] = `
<View
  accessibilityState={
    {
      "busy": undefined,
      "checked": undefined,
      "disabled": true,
      "expanded": undefined,
      "selected": undefined,
    }
  }
  accessibilityValue={
    {
      "max": undefined,
      "min": undefined,
      "now": undefined,
      "text": undefined,
    }
  }
  accessible={true}
  collapsable={false}
  focusable={true}
  onBlur={[Function]}
  onClick={[Function]}
  onFocus={[Function]}
  onResponderGrant={[Function]}
  onResponderMove={[Function]}
  onResponderRelease={[Function]}
  onResponderTerminate={[Function]}
  onResponderTerminationRequest={[Function]}
  onStartShouldSetResponder={[Function]}
  style={
    [
      false,
      [
        {
          "paddingRight": 24,
          "paddingVertical": 8,
        },
        undefined,
      ],
    ]
  }
  testID="list-item"
>
  <View
    style={
      [
        {
          "flexDirection": "row",
          "marginVertical": 6,
          "width": "100%",
        },
        undefined,
      ]
    }
  >
    <View
      pointerEvents="box-none"
      style={
        [
          {
            "alignItems": "center",
            "justifyContent": "center",
          },
          {
            "alignSelf": "center",
            "marginLeft": 16,
            "marginRight": 0,
            "marginVertical": 0,
          },
        ]
      }
    >
      <Text
        accessibilityElementsHidden={true}
        importantForAccessibility="no-hide-descendants"
        pointerEvents="none"
        selectable={false}
        style={
          [
            {
              "color": "rgba(73, 69, 79, 1)",
              "fontSize": 24,
            },
            [
              {
                "lineHeight": 24,
                "transform": [
                  {
                    "scaleX": 1,
                  },
                ],
              },
              {
                "backgroundColor": "transparent",
              },
            ],
          ]
        }
      >
        folder
      </Text>
    </View>
    <View
      style={
        [
          {
            "paddingLeft": 16,
          },
          {
            "flexGrow": 1,
            "flexShrink": 1,
            "justifyContent": "center",
          },
          undefined,
        ]
      }
      testID="list-item-content"
    >
      <Text
        numberOfLines={1}
        selectable={false}
        style={
          [
            {
              "textAlign": "left",
            },
            {
              "color": "rgba(28, 27, 31, 1)",
              "fontFamily": "System",
              "fontWeight": "400",
              "letterSpacing": 0,
            },
            {
              "writingDirection": "ltr",
            },
            [
              {
                "fontSize": 16,
              },
              {
                "color": "rgba(28, 27, 31, 1)",
              },
              undefined,
            ],
          ]
        }
      >
        First Item
      </Text>
    </View>
  </View>
</View>
`;

exports[`renders list item with right item 1`] = `
<View
  accessibilityState={
    {
      "busy": undefined,
      "checked": undefined,
      "disabled": true,
      "expanded": undefined,
      "selected": undefined,
    }
  }
  accessibilityValue={
    {
      "max": undefined,
      "min": undefined,
      "now": undefined,
      "text": undefined,
    }
  }
  accessible={true}
  collapsable={false}
  focusable={true}
  onBlur={[Function]}
  onClick={[Function]}
  onFocus={[Function]}
  onResponderGrant={[Function]}
  onResponderMove={[Function]}
  onResponderRelease={[Function]}
  onResponderTerminate={[Function]}
  onResponderTerminationRequest={[Function]}
  onStartShouldSetResponder={[Function]}
  style={
    [
      false,
      [
        {
          "paddingRight": 24,
          "paddingVertical": 8,
        },
        undefined,
      ],
    ]
  }
  testID="list-item"
>
  <View
    style={
      [
        {
          "flexDirection": "row",
          "marginVertical": 6,
          "width": "100%",
        },
        undefined,
      ]
    }
  >
    <View
      style={
        [
          {
            "paddingLeft": 16,
          },
          {
            "flexGrow": 1,
            "flexShrink": 1,
            "justifyContent": "center",
          },
          undefined,
        ]
      }
      testID="list-item-content"
    >
      <Text
        numberOfLines={1}
        selectable={false}
        style={
          [
            {
              "textAlign": "left",
            },
            {
              "color": "rgba(28, 27, 31, 1)",
              "fontFamily": "System",
              "fontWeight": "400",
              "letterSpacing": 0,
            },
            {
              "writingDirection": "ltr",
            },
            [
              {
                "fontSize": 16,
              },
              {
                "color": "rgba(28, 27, 31, 1)",
              },
              undefined,
            ],
          ]
        }
      >
        First Item
      </Text>
    </View>
    <Text>
      GG
    </Text>
  </View>
</View>
`;

exports[`renders list item with title and description 1`] = `
<View
  accessibilityState={
    {
      "busy": undefined,
      "checked": undefined,
      "disabled": true,
      "expanded": undefined,
      "selected": undefined,
    }
  }
  accessibilityValue={
    {
      "max": undefined,
      "min": undefined,
      "now": undefined,
      "text": undefined,
    }
  }
  accessible={true}
  collapsable={false}
  focusable={true}
  onBlur={[Function]}
  onClick={[Function]}
  onFocus={[Function]}
  onResponderGrant={[Function]}
  onResponderMove={[Function]}
  onResponderRelease={[Function]}
  onResponderTerminate={[Function]}
  onResponderTerminationRequest={[Function]}
  onStartShouldSetResponder={[Function]}
  style={
    [
      false,
      [
        {
          "paddingRight": 24,
          "paddingVertical": 8,
        },
        undefined,
      ],
    ]
  }
  testID="list-item"
>
  <View
    style={
      [
        {
          "flexDirection": "row",
          "marginVertical": 6,
          "width": "100%",
        },
        undefined,
      ]
    }
  >
    <View
      style={
        [
          {
            "paddingLeft": 16,
          },
          {
            "flexGrow": 1,
            "flexShrink": 1,
            "justifyContent": "center",
          },
          undefined,
        ]
      }
      testID="list-item-content"
    >
      <Text
        numberOfLines={1}
        selectable={false}
        style={
          [
            {
              "textAlign": "left",
            },
            {
              "color": "rgba(28, 27, 31, 1)",
              "fontFamily": "System",
              "fontWeight": "400",
              "letterSpacing": 0,
            },
            {
              "writingDirection": "ltr",
            },
            [
              {
                "fontSize": 16,
              },
              {
                "color": "rgba(28, 27, 31, 1)",
              },
              undefined,
            ],
          ]
        }
      >
        First Item
      </Text>
      <Text
        numberOfLines={2}
        onTextLayout={[Function]}
        selectable={false}
        style={
          [
            {
              "textAlign": "left",
            },
            {
              "color": "rgba(28, 27, 31, 1)",
              "fontFamily": "System",
              "fontWeight": "400",
              "letterSpacing": 0,
            },
            {
              "writingDirection": "ltr",
            },
            [
              {
                "fontSize": 14,
              },
              {
                "color": "rgba(73, 69, 79, 1)",
              },
              undefined,
            ],
          ]
        }
      >
        Description for first item
      </Text>
    </View>
  </View>
</View>
`;

exports[`renders with a description with typeof number 1`] = `
<View
  accessibilityState={
    {
      "busy": undefined,
      "checked": undefined,
      "disabled": true,
      "expanded": undefined,
      "selected": undefined,
    }
  }
  accessibilityValue={
    {
      "max": undefined,
      "min": undefined,
      "now": undefined,
      "text": undefined,
    }
  }
  accessible={true}
  collapsable={false}
  focusable={true}
  onBlur={[Function]}
  onClick={[Function]}
  onFocus={[Function]}
  onResponderGrant={[Function]}
  onResponderMove={[Function]}
  onResponderRelease={[Function]}
  onResponderTerminate={[Function]}
  onResponderTerminationRequest={[Function]}
  onStartShouldSetResponder={[Function]}
  style={
    [
      false,
      [
        {
          "paddingRight": 24,
          "paddingVertical": 8,
        },
        undefined,
      ],
    ]
  }
  testID="list-item"
>
  <View
    style={
      [
        {
          "flexDirection": "row",
          "marginVertical": 6,
          "width": "100%",
        },
        undefined,
      ]
    }
  >
    <View
      style={
        [
          {
            "paddingLeft": 16,
          },
          {
            "flexGrow": 1,
            "flexShrink": 1,
            "justifyContent": "center",
          },
          undefined,
        ]
      }
      testID="list-item-content"
    >
      <Text
        numberOfLines={1}
        selectable={false}
        style={
          [
            {
              "textAlign": "left",
            },
            {
              "color": "rgba(28, 27, 31, 1)",
              "fontFamily": "System",
              "fontWeight": "400",
              "letterSpacing": 0,
            },
            {
              "writingDirection": "ltr",
            },
            [
              {
                "fontSize": 16,
              },
              {
                "color": "rgba(28, 27, 31, 1)",
              },
              {
                "fontSize": 20,
              },
            ],
          ]
        }
      >
        First Item
      </Text>
      <Text
        numberOfLines={2}
        onTextLayout={[Function]}
        selectable={false}
        style={
          [
            {
              "textAlign": "left",
            },
            {
              "color": "rgba(28, 27, 31, 1)",
              "fontFamily": "System",
              "fontWeight": "400",
              "letterSpacing": 0,
            },
            {
              "writingDirection": "ltr",
            },
            [
              {
                "fontSize": 14,
              },
              {
                "color": "rgba(73, 69, 79, 1)",
              },
              {
                "color": "#f44336",
              },
            ],
          ]
        }
      >
        123
      </Text>
    </View>
  </View>
</View>
`;
