// Jest Snapshot v1, https://goo.gl/fbAQLP

exports[`Menu Item renders menu item 1`] = `
[
  <View
    accessibilityRole="menuitem"
    accessibilityState={
      {
        "busy": undefined,
        "checked": undefined,
        "disabled": false,
        "expanded": undefined,
        "selected": undefined,
      }
    }
    accessibilityValue={
      {
        "max": undefined,
        "min": undefined,
        "now": undefined,
        "text": undefined,
      }
    }
    accessible={true}
    collapsable={false}
    focusable={true}
    onBlur={[Function]}
    onClick={[Function]}
    onFocus={[Function]}
    onResponderGrant={[Function]}
    onResponderMove={[Function]}
    onResponderRelease={[Function]}
    onResponderTerminate={[Function]}
    onResponderTerminationRequest={[Function]}
    onStartShouldSetResponder={[Function]}
    style={
      [
        false,
        [
          {
            "height": 48,
            "justifyContent": "center",
            "maxWidth": 280,
            "minWidth": 112,
          },
          {
            "paddingHorizontal": 12,
          },
          undefined,
          undefined,
        ],
      ]
    }
    testID="menu-item"
  >
    <View
      style={
        [
          {
            "flexDirection": "row",
          },
          undefined,
        ]
      }
    >
      <View
        pointerEvents="box-none"
        style={
          [
            false,
            {
              "width": 24,
            },
          ]
        }
      >
        <Text
          accessibilityElementsHidden={true}
          importantForAccessibility="no-hide-descendants"
          pointerEvents="none"
          selectable={false}
          style={
            [
              {
                "color": "rgba(73, 69, 79, 1)",
                "fontSize": 24,
              },
              [
                {
                  "lineHeight": 24,
                  "transform": [
                    {
                      "scaleX": 1,
                    },
                  ],
                },
                {
                  "backgroundColor": "transparent",
                },
              ],
            ]
          }
        >
          redo
        </Text>
      </View>
      <View
        pointerEvents="none"
        style={
          [
            false,
            {
              "justifyContent": "center",
            },
            {
              "maxWidth": 232,
              "minWidth": 100,
            },
            {
              "marginLeft": 12,
            },
            undefined,
          ]
        }
      >
        <Text
          maxFontSizeMultiplier={1.5}
          numberOfLines={1}
          selectable={false}
          style={
            [
              {
                "textAlign": "left",
              },
              {
                "color": "rgba(28, 27, 31, 1)",
                "writingDirection": "ltr",
              },
              [
                {
                  "fontFamily": "System",
                  "fontSize": 16,
                  "fontWeight": "400",
                  "letterSpacing": 0.15,
                  "lineHeight": 24,
                },
                [
                  false,
                  {
                    "color": "rgba(28, 27, 31, 1)",
                    "fontFamily": "System",
                    "fontSize": 16,
                    "fontWeight": "400",
                    "letterSpacing": 0.15,
                    "lineHeight": 24,
                  },
                  undefined,
                ],
              ],
            ]
          }
          testID="menu-item-title"
        >
          Redo
        </Text>
      </View>
    </View>
  </View>,
  <View
    accessibilityRole="menuitem"
    accessibilityState={
      {
        "busy": undefined,
        "checked": undefined,
        "disabled": false,
        "expanded": undefined,
        "selected": undefined,
      }
    }
    accessibilityValue={
      {
        "max": undefined,
        "min": undefined,
        "now": undefined,
        "text": undefined,
      }
    }
    accessible={true}
    collapsable={false}
    focusable={true}
    onBlur={[Function]}
    onClick={[Function]}
    onFocus={[Function]}
    onResponderGrant={[Function]}
    onResponderMove={[Function]}
    onResponderRelease={[Function]}
    onResponderTerminate={[Function]}
    onResponderTerminationRequest={[Function]}
    onStartShouldSetResponder={[Function]}
    style={
      [
        false,
        [
          {
            "height": 48,
            "justifyContent": "center",
            "maxWidth": 280,
            "minWidth": 112,
          },
          {
            "paddingHorizontal": 12,
          },
          undefined,
          undefined,
        ],
      ]
    }
    testID="menu-item"
  >
    <View
      style={
        [
          {
            "flexDirection": "row",
          },
          undefined,
        ]
      }
    >
      <View
        pointerEvents="box-none"
        style={
          [
            false,
            {
              "width": 24,
            },
          ]
        }
      >
        <Text
          accessibilityElementsHidden={true}
          importantForAccessibility="no-hide-descendants"
          pointerEvents="none"
          selectable={false}
          style={
            [
              {
                "color": "rgba(73, 69, 79, 1)",
                "fontSize": 24,
              },
              [
                {
                  "lineHeight": 24,
                  "transform": [
                    {
                      "scaleX": 1,
                    },
                  ],
                },
                {
                  "backgroundColor": "transparent",
                },
              ],
            ]
          }
        >
          undo
        </Text>
      </View>
      <View
        pointerEvents="none"
        style={
          [
            false,
            {
              "justifyContent": "center",
            },
            {
              "maxWidth": 232,
              "minWidth": 100,
            },
            {
              "marginLeft": 12,
            },
            undefined,
          ]
        }
      >
        <Text
          maxFontSizeMultiplier={1.5}
          numberOfLines={1}
          selectable={false}
          style={
            [
              {
                "textAlign": "left",
              },
              {
                "color": "rgba(28, 27, 31, 1)",
                "writingDirection": "ltr",
              },
              [
                {
                  "fontFamily": "System",
                  "fontSize": 16,
                  "fontWeight": "400",
                  "letterSpacing": 0.15,
                  "lineHeight": 24,
                },
                [
                  false,
                  {
                    "color": "rgba(28, 27, 31, 1)",
                    "fontFamily": "System",
                    "fontSize": 16,
                    "fontWeight": "400",
                    "letterSpacing": 0.15,
                    "lineHeight": 24,
                  },
                  undefined,
                ],
              ],
            ]
          }
          testID="menu-item-title"
        >
          Undo
        </Text>
      </View>
    </View>
  </View>,
  <View
    accessibilityRole="menuitem"
    accessibilityState={
      {
        "busy": undefined,
        "checked": undefined,
        "disabled": true,
        "expanded": undefined,
        "selected": undefined,
      }
    }
    accessibilityValue={
      {
        "max": undefined,
        "min": undefined,
        "now": undefined,
        "text": undefined,
      }
    }
    accessible={true}
    collapsable={false}
    focusable={true}
    onBlur={[Function]}
    onClick={[Function]}
    onFocus={[Function]}
    onResponderGrant={[Function]}
    onResponderMove={[Function]}
    onResponderRelease={[Function]}
    onResponderTerminate={[Function]}
    onResponderTerminationRequest={[Function]}
    onStartShouldSetResponder={[Function]}
    style={
      [
        false,
        [
          {
            "height": 48,
            "justifyContent": "center",
            "maxWidth": 280,
            "minWidth": 112,
          },
          {
            "paddingHorizontal": 12,
          },
          undefined,
          undefined,
        ],
      ]
    }
    testID="menu-item"
  >
    <View
      style={
        [
          {
            "flexDirection": "row",
          },
          undefined,
        ]
      }
    >
      <View
        pointerEvents="box-none"
        style={
          [
            false,
            {
              "width": 24,
            },
          ]
        }
      >
        <Text
          accessibilityElementsHidden={true}
          importantForAccessibility="no-hide-descendants"
          pointerEvents="none"
          selectable={false}
          style={
            [
              {
                "color": "rgba(28, 27, 31, 0.38)",
                "fontSize": 24,
              },
              [
                {
                  "lineHeight": 24,
                  "transform": [
                    {
                      "scaleX": 1,
                    },
                  ],
                },
                {
                  "backgroundColor": "transparent",
                },
              ],
            ]
          }
        >
          content-cut
        </Text>
      </View>
      <View
        pointerEvents="none"
        style={
          [
            false,
            {
              "justifyContent": "center",
            },
            {
              "maxWidth": 232,
              "minWidth": 100,
            },
            {
              "marginLeft": 12,
            },
            undefined,
          ]
        }
      >
        <Text
          maxFontSizeMultiplier={1.5}
          numberOfLines={1}
          selectable={false}
          style={
            [
              {
                "textAlign": "left",
              },
              {
                "color": "rgba(28, 27, 31, 1)",
                "writingDirection": "ltr",
              },
              [
                {
                  "fontFamily": "System",
                  "fontSize": 16,
                  "fontWeight": "400",
                  "letterSpacing": 0.15,
                  "lineHeight": 24,
                },
                [
                  false,
                  {
                    "color": "rgba(28, 27, 31, 0.38)",
                    "fontFamily": "System",
                    "fontSize": 16,
                    "fontWeight": "400",
                    "letterSpacing": 0.15,
                    "lineHeight": 24,
                  },
                  undefined,
                ],
              ],
            ]
          }
          testID="menu-item-title"
        >
          Cut
        </Text>
      </View>
    </View>
  </View>,
  <View
    accessibilityRole="menuitem"
    accessibilityState={
      {
        "busy": undefined,
        "checked": undefined,
        "disabled": true,
        "expanded": undefined,
        "selected": undefined,
      }
    }
    accessibilityValue={
      {
        "max": undefined,
        "min": undefined,
        "now": undefined,
        "text": undefined,
      }
    }
    accessible={true}
    collapsable={false}
    focusable={true}
    onBlur={[Function]}
    onClick={[Function]}
    onFocus={[Function]}
    onResponderGrant={[Function]}
    onResponderMove={[Function]}
    onResponderRelease={[Function]}
    onResponderTerminate={[Function]}
    onResponderTerminationRequest={[Function]}
    onStartShouldSetResponder={[Function]}
    style={
      [
        false,
        [
          {
            "height": 48,
            "justifyContent": "center",
            "maxWidth": 280,
            "minWidth": 112,
          },
          {
            "paddingHorizontal": 12,
          },
          undefined,
          undefined,
        ],
      ]
    }
    testID="menu-item"
  >
    <View
      style={
        [
          {
            "flexDirection": "row",
          },
          undefined,
        ]
      }
    >
      <View
        pointerEvents="box-none"
        style={
          [
            false,
            {
              "width": 24,
            },
          ]
        }
      >
        <Text
          accessibilityElementsHidden={true}
          importantForAccessibility="no-hide-descendants"
          pointerEvents="none"
          selectable={false}
          style={
            [
              {
                "color": "rgba(28, 27, 31, 0.38)",
                "fontSize": 24,
              },
              [
                {
                  "lineHeight": 24,
                  "transform": [
                    {
                      "scaleX": 1,
                    },
                  ],
                },
                {
                  "backgroundColor": "transparent",
                },
              ],
            ]
          }
        >
          content-copy
        </Text>
      </View>
      <View
        pointerEvents="none"
        style={
          [
            false,
            {
              "justifyContent": "center",
            },
            {
              "maxWidth": 232,
              "minWidth": 100,
            },
            {
              "marginLeft": 12,
            },
            undefined,
          ]
        }
      >
        <Text
          maxFontSizeMultiplier={1.5}
          numberOfLines={1}
          selectable={false}
          style={
            [
              {
                "textAlign": "left",
              },
              {
                "color": "rgba(28, 27, 31, 1)",
                "writingDirection": "ltr",
              },
              [
                {
                  "fontFamily": "System",
                  "fontSize": 16,
                  "fontWeight": "400",
                  "letterSpacing": 0.15,
                  "lineHeight": 24,
                },
                [
                  false,
                  {
                    "color": "rgba(28, 27, 31, 0.38)",
                    "fontFamily": "System",
                    "fontSize": 16,
                    "fontWeight": "400",
                    "letterSpacing": 0.15,
                    "lineHeight": 24,
                  },
                  undefined,
                ],
              ],
            ]
          }
          testID="menu-item-title"
        >
          Copy
        </Text>
      </View>
    </View>
  </View>,
  <View
    accessibilityRole="menuitem"
    accessibilityState={
      {
        "busy": undefined,
        "checked": undefined,
        "disabled": false,
        "expanded": undefined,
        "selected": undefined,
      }
    }
    accessibilityValue={
      {
        "max": undefined,
        "min": undefined,
        "now": undefined,
        "text": undefined,
      }
    }
    accessible={true}
    collapsable={false}
    focusable={true}
    onBlur={[Function]}
    onClick={[Function]}
    onFocus={[Function]}
    onResponderGrant={[Function]}
    onResponderMove={[Function]}
    onResponderRelease={[Function]}
    onResponderTerminate={[Function]}
    onResponderTerminationRequest={[Function]}
    onStartShouldSetResponder={[Function]}
    style={
      [
        false,
        [
          {
            "height": 48,
            "justifyContent": "center",
            "maxWidth": 280,
            "minWidth": 112,
          },
          {
            "paddingHorizontal": 12,
          },
          undefined,
          undefined,
        ],
      ]
    }
    testID="menu-item"
  >
    <View
      style={
        [
          {
            "flexDirection": "row",
          },
          undefined,
        ]
      }
    >
      <View
        pointerEvents="none"
        style={
          [
            false,
            {
              "justifyContent": "center",
            },
            {
              "maxWidth": 268,
              "minWidth": 100,
            },
            {
              "marginLeft": 4,
            },
            undefined,
          ]
        }
      >
        <Text
          maxFontSizeMultiplier={1.5}
          numberOfLines={1}
          selectable={false}
          style={
            [
              {
                "textAlign": "left",
              },
              {
                "color": "rgba(28, 27, 31, 1)",
                "writingDirection": "ltr",
              },
              [
                {
                  "fontFamily": "System",
                  "fontSize": 16,
                  "fontWeight": "400",
                  "letterSpacing": 0.15,
                  "lineHeight": 24,
                },
                [
                  false,
                  {
                    "color": "rgba(28, 27, 31, 1)",
                    "fontFamily": "System",
                    "fontSize": 16,
                    "fontWeight": "400",
                    "letterSpacing": 0.15,
                    "lineHeight": 24,
                  },
                  undefined,
                ],
              ],
            ]
          }
          testID="menu-item-title"
        >
          Paste
        </Text>
      </View>
    </View>
  </View>,
]
`;
