// Jest Snapshot v1, https://goo.gl/fbAQLP

exports[`renders menu with content styles 1`] = `
[
  <View
    collapsable={false}
    pointerEvents="box-none"
    style={
      {
        "flex": 1,
      }
    }
  >
    <View
      collapsable={false}
    >
      <View
        collapsable={false}
        style={
          {
            "backgroundColor": "transparent",
            "borderRadius": 20,
            "shadowColor": "#000",
            "shadowOffset": {
              "height": 0,
              "width": 0,
            },
            "shadowOpacity": 0,
            "shadowRadius": 0,
          }
        }
        testID="button-container-outer-layer"
      >
        <View
          collapsable={false}
          style={
            {
              "backgroundColor": "transparent",
              "borderColor": "rgba(121, 116, 126, 1)",
              "borderRadius": 20,
              "borderStyle": "solid",
              "borderWidth": 1,
              "flex": undefined,
              "minWidth": 64,
              "shadowColor": "#000",
              "shadowOffset": {
                "height": 0,
                "width": 0,
              },
              "shadowOpacity": 0,
              "shadowRadius": 0,
            }
          }
          testID="button-container"
        >
          <View
            accessibilityRole="button"
            accessibilityState={
              {
                "busy": undefined,
                "checked": undefined,
                "disabled": true,
                "expanded": undefined,
                "selected": undefined,
              }
            }
            accessibilityValue={
              {
                "max": undefined,
                "min": undefined,
                "now": undefined,
                "text": undefined,
              }
            }
            accessible={true}
            collapsable={false}
            focusable={true}
            onBlur={[Function]}
            onClick={[Function]}
            onFocus={[Function]}
            onResponderGrant={[Function]}
            onResponderMove={[Function]}
            onResponderRelease={[Function]}
            onResponderTerminate={[Function]}
            onResponderTerminationRequest={[Function]}
            onStartShouldSetResponder={[Function]}
            style={
              [
                {
                  "overflow": "hidden",
                },
                {
                  "borderRadius": 19,
                },
              ]
            }
            testID="button"
          >
            <View
              style={
                [
                  {
                    "alignItems": "center",
                    "flexDirection": "row",
                    "justifyContent": "center",
                  },
                  undefined,
                ]
              }
            >
              <Text
                numberOfLines={1}
                selectable={false}
                style={
                  [
                    {
                      "textAlign": "left",
                    },
                    {
                      "color": "rgba(28, 27, 31, 1)",
                      "writingDirection": "ltr",
                    },
                    [
                      {
                        "fontFamily": "System",
                        "fontSize": 14,
                        "fontWeight": "500",
                        "letterSpacing": 0.1,
                        "lineHeight": 20,
                      },
                      [
                        {
                          "marginHorizontal": 16,
                          "marginVertical": 9,
                          "textAlign": "center",
                        },
                        false,
                        {
                          "marginHorizontal": 24,
                          "marginVertical": 10,
                        },
                        undefined,
                        false,
                        {
                          "color": "rgba(103, 80, 164, 1)",
                          "fontFamily": "System",
                          "fontSize": 14,
                          "fontWeight": "500",
                          "letterSpacing": 0.1,
                          "lineHeight": 20,
                        },
                        undefined,
                      ],
                    ],
                  ]
                }
                testID="button-text"
              >
                Open menu
              </Text>
            </View>
          </View>
        </View>
      </View>
    </View>
  </View>,
  <View
    collapsable={false}
    pointerEvents="box-none"
    style={
      {
        "bottom": 0,
        "left": 0,
        "position": "absolute",
        "right": 0,
        "top": 0,
      }
    }
  >
    <View
      accessibilityLabel="Close menu"
      accessibilityRole="button"
      accessibilityState={
        {
          "busy": undefined,
          "checked": undefined,
          "disabled": undefined,
          "expanded": undefined,
          "selected": undefined,
        }
      }
      accessibilityValue={
        {
          "max": undefined,
          "min": undefined,
          "now": undefined,
          "text": undefined,
        }
      }
      accessible={true}
      collapsable={false}
      focusable={true}
      onBlur={[Function]}
      onClick={[Function]}
      onFocus={[Function]}
      onResponderGrant={[Function]}
      onResponderMove={[Function]}
      onResponderRelease={[Function]}
      onResponderTerminate={[Function]}
      onResponderTerminationRequest={[Function]}
      onStartShouldSetResponder={[Function]}
      style={
        {
          "bottom": 0,
          "left": 0,
          "position": "absolute",
          "right": 0,
          "top": 0,
          "width": "100%",
        }
      }
    />
    <View
      accessibilityViewIsModal={true}
      collapsable={false}
      onAccessibilityEscape={[MockFunction]}
      pointerEvents="box-none"
      style={
        [
          {
            "position": "absolute",
          },
          {
            "left": 8,
            "top": 8,
          },
          undefined,
        ]
      }
      testID="menu-view"
    >
      <View
        collapsable={false}
        pointerEvents="box-none"
        style={
          {
            "transform": [
              {
                "translateX": -0,
              },
              {
                "translateY": -0,
              },
            ],
          }
        }
      >
        <View
          collapsable={false}
          style={
            {
              "backgroundColor": "rgb(243, 237, 246)",
              "borderRadius": 4,
              "borderTopLeftRadius": 0,
              "borderTopRightRadius": 0,
              "opacity": 0,
              "shadowColor": "#000",
              "shadowOffset": {
                "height": 2,
                "width": 0,
              },
              "shadowOpacity": 0.15,
              "shadowRadius": 6,
              "transform": [
                {
                  "scaleX": 0,
                },
                {
                  "scaleY": 0,
                },
              ],
            }
          }
          testID="menu-surface-outer-layer"
        >
          <View
            collapsable={false}
            pointerEvents="box-none"
            style={
              {
                "backgroundColor": "rgb(243, 237, 246)",
                "borderRadius": 4,
                "borderTopLeftRadius": 0,
                "borderTopRightRadius": 0,
                "flex": undefined,
                "paddingVertical": 8,
                "shadowColor": "#000",
                "shadowOffset": {
                  "height": 1,
                  "width": 0,
                },
                "shadowOpacity": 0.3,
                "shadowRadius": 2,
              }
            }
            testID="menu-surface"
          >
            <View
              accessibilityRole="menuitem"
              accessibilityState={
                {
                  "busy": undefined,
                  "checked": undefined,
                  "disabled": false,
                  "expanded": undefined,
                  "selected": undefined,
                }
              }
              accessibilityValue={
                {
                  "max": undefined,
                  "min": undefined,
                  "now": undefined,
                  "text": undefined,
                }
              }
              accessible={true}
              collapsable={false}
              focusable={true}
              onBlur={[Function]}
              onClick={[Function]}
              onFocus={[Function]}
              onResponderGrant={[Function]}
              onResponderMove={[Function]}
              onResponderRelease={[Function]}
              onResponderTerminate={[Function]}
              onResponderTerminationRequest={[Function]}
              onStartShouldSetResponder={[Function]}
              style={
                [
                  false,
                  [
                    {
                      "height": 48,
                      "justifyContent": "center",
                      "maxWidth": 280,
                      "minWidth": 112,
                    },
                    {
                      "paddingHorizontal": 12,
                    },
                    undefined,
                    undefined,
                  ],
                ]
              }
              testID="menu-item"
            >
              <View
                style={
                  [
                    {
                      "flexDirection": "row",
                    },
                    undefined,
                  ]
                }
              >
                <View
                  pointerEvents="none"
                  style={
                    [
                      false,
                      {
                        "justifyContent": "center",
                      },
                      {
                        "maxWidth": 268,
                        "minWidth": 100,
                      },
                      {
                        "marginLeft": 4,
                      },
                      undefined,
                    ]
                  }
                >
                  <Text
                    maxFontSizeMultiplier={1.5}
                    numberOfLines={1}
                    selectable={false}
                    style={
                      [
                        {
                          "textAlign": "left",
                        },
                        {
                          "color": "rgba(28, 27, 31, 1)",
                          "writingDirection": "ltr",
                        },
                        [
                          {
                            "fontFamily": "System",
                            "fontSize": 16,
                            "fontWeight": "400",
                            "letterSpacing": 0.15,
                            "lineHeight": 24,
                          },
                          [
                            false,
                            {
                              "color": "rgba(28, 27, 31, 1)",
                              "fontFamily": "System",
                              "fontSize": 16,
                              "fontWeight": "400",
                              "letterSpacing": 0.15,
                              "lineHeight": 24,
                            },
                            undefined,
                          ],
                        ],
                      ]
                    }
                    testID="menu-item-title"
                  >
                    Undo
                  </Text>
                </View>
              </View>
            </View>
            <View
              accessibilityRole="menuitem"
              accessibilityState={
                {
                  "busy": undefined,
                  "checked": undefined,
                  "disabled": false,
                  "expanded": undefined,
                  "selected": undefined,
                }
              }
              accessibilityValue={
                {
                  "max": undefined,
                  "min": undefined,
                  "now": undefined,
                  "text": undefined,
                }
              }
              accessible={true}
              collapsable={false}
              focusable={true}
              onBlur={[Function]}
              onClick={[Function]}
              onFocus={[Function]}
              onResponderGrant={[Function]}
              onResponderMove={[Function]}
              onResponderRelease={[Function]}
              onResponderTerminate={[Function]}
              onResponderTerminationRequest={[Function]}
              onStartShouldSetResponder={[Function]}
              style={
                [
                  false,
                  [
                    {
                      "height": 48,
                      "justifyContent": "center",
                      "maxWidth": 280,
                      "minWidth": 112,
                    },
                    {
                      "paddingHorizontal": 12,
                    },
                    undefined,
                    undefined,
                  ],
                ]
              }
              testID="menu-item"
            >
              <View
                style={
                  [
                    {
                      "flexDirection": "row",
                    },
                    undefined,
                  ]
                }
              >
                <View
                  pointerEvents="none"
                  style={
                    [
                      false,
                      {
                        "justifyContent": "center",
                      },
                      {
                        "maxWidth": 268,
                        "minWidth": 100,
                      },
                      {
                        "marginLeft": 4,
                      },
                      undefined,
                    ]
                  }
                >
                  <Text
                    maxFontSizeMultiplier={1.5}
                    numberOfLines={1}
                    selectable={false}
                    style={
                      [
                        {
                          "textAlign": "left",
                        },
                        {
                          "color": "rgba(28, 27, 31, 1)",
                          "writingDirection": "ltr",
                        },
                        [
                          {
                            "fontFamily": "System",
                            "fontSize": 16,
                            "fontWeight": "400",
                            "letterSpacing": 0.15,
                            "lineHeight": 24,
                          },
                          [
                            false,
                            {
                              "color": "rgba(28, 27, 31, 1)",
                              "fontFamily": "System",
                              "fontSize": 16,
                              "fontWeight": "400",
                              "letterSpacing": 0.15,
                              "lineHeight": 24,
                            },
                            undefined,
                          ],
                        ],
                      ]
                    }
                    testID="menu-item-title"
                  >
                    Redo
                  </Text>
                </View>
              </View>
            </View>
          </View>
        </View>
      </View>
    </View>
  </View>,
]
`;

exports[`renders not visible menu 1`] = `
<View
  collapsable={false}
  pointerEvents="box-none"
  style={
    {
      "flex": 1,
    }
  }
>
  <View
    collapsable={false}
  >
    <View
      collapsable={false}
      style={
        {
          "backgroundColor": "transparent",
          "borderRadius": 20,
          "shadowColor": "#000",
          "shadowOffset": {
            "height": 0,
            "width": 0,
          },
          "shadowOpacity": 0,
          "shadowRadius": 0,
        }
      }
      testID="button-container-outer-layer"
    >
      <View
        collapsable={false}
        style={
          {
            "backgroundColor": "transparent",
            "borderColor": "rgba(121, 116, 126, 1)",
            "borderRadius": 20,
            "borderStyle": "solid",
            "borderWidth": 1,
            "flex": undefined,
            "minWidth": 64,
            "shadowColor": "#000",
            "shadowOffset": {
              "height": 0,
              "width": 0,
            },
            "shadowOpacity": 0,
            "shadowRadius": 0,
          }
        }
        testID="button-container"
      >
        <View
          accessibilityRole="button"
          accessibilityState={
            {
              "busy": undefined,
              "checked": undefined,
              "disabled": true,
              "expanded": undefined,
              "selected": undefined,
            }
          }
          accessibilityValue={
            {
              "max": undefined,
              "min": undefined,
              "now": undefined,
              "text": undefined,
            }
          }
          accessible={true}
          collapsable={false}
          focusable={true}
          onBlur={[Function]}
          onClick={[Function]}
          onFocus={[Function]}
          onResponderGrant={[Function]}
          onResponderMove={[Function]}
          onResponderRelease={[Function]}
          onResponderTerminate={[Function]}
          onResponderTerminationRequest={[Function]}
          onStartShouldSetResponder={[Function]}
          style={
            [
              {
                "overflow": "hidden",
              },
              {
                "borderRadius": 19,
              },
            ]
          }
          testID="button"
        >
          <View
            style={
              [
                {
                  "alignItems": "center",
                  "flexDirection": "row",
                  "justifyContent": "center",
                },
                undefined,
              ]
            }
          >
            <Text
              numberOfLines={1}
              selectable={false}
              style={
                [
                  {
                    "textAlign": "left",
                  },
                  {
                    "color": "rgba(28, 27, 31, 1)",
                    "writingDirection": "ltr",
                  },
                  [
                    {
                      "fontFamily": "System",
                      "fontSize": 14,
                      "fontWeight": "500",
                      "letterSpacing": 0.1,
                      "lineHeight": 20,
                    },
                    [
                      {
                        "marginHorizontal": 16,
                        "marginVertical": 9,
                        "textAlign": "center",
                      },
                      false,
                      {
                        "marginHorizontal": 24,
                        "marginVertical": 10,
                      },
                      undefined,
                      false,
                      {
                        "color": "rgba(103, 80, 164, 1)",
                        "fontFamily": "System",
                        "fontSize": 14,
                        "fontWeight": "500",
                        "letterSpacing": 0.1,
                        "lineHeight": 20,
                      },
                      undefined,
                    ],
                  ],
                ]
              }
              testID="button-text"
            >
              Open menu
            </Text>
          </View>
        </View>
      </View>
    </View>
  </View>
</View>
`;

exports[`renders visible menu 1`] = `
[
  <View
    collapsable={false}
    pointerEvents="box-none"
    style={
      {
        "flex": 1,
      }
    }
  >
    <View
      collapsable={false}
    >
      <View
        collapsable={false}
        style={
          {
            "backgroundColor": "transparent",
            "borderRadius": 20,
            "shadowColor": "#000",
            "shadowOffset": {
              "height": 0,
              "width": 0,
            },
            "shadowOpacity": 0,
            "shadowRadius": 0,
          }
        }
        testID="button-container-outer-layer"
      >
        <View
          collapsable={false}
          style={
            {
              "backgroundColor": "transparent",
              "borderColor": "rgba(121, 116, 126, 1)",
              "borderRadius": 20,
              "borderStyle": "solid",
              "borderWidth": 1,
              "flex": undefined,
              "minWidth": 64,
              "shadowColor": "#000",
              "shadowOffset": {
                "height": 0,
                "width": 0,
              },
              "shadowOpacity": 0,
              "shadowRadius": 0,
            }
          }
          testID="button-container"
        >
          <View
            accessibilityRole="button"
            accessibilityState={
              {
                "busy": undefined,
                "checked": undefined,
                "disabled": true,
                "expanded": undefined,
                "selected": undefined,
              }
            }
            accessibilityValue={
              {
                "max": undefined,
                "min": undefined,
                "now": undefined,
                "text": undefined,
              }
            }
            accessible={true}
            collapsable={false}
            focusable={true}
            onBlur={[Function]}
            onClick={[Function]}
            onFocus={[Function]}
            onResponderGrant={[Function]}
            onResponderMove={[Function]}
            onResponderRelease={[Function]}
            onResponderTerminate={[Function]}
            onResponderTerminationRequest={[Function]}
            onStartShouldSetResponder={[Function]}
            style={
              [
                {
                  "overflow": "hidden",
                },
                {
                  "borderRadius": 19,
                },
              ]
            }
            testID="button"
          >
            <View
              style={
                [
                  {
                    "alignItems": "center",
                    "flexDirection": "row",
                    "justifyContent": "center",
                  },
                  undefined,
                ]
              }
            >
              <Text
                numberOfLines={1}
                selectable={false}
                style={
                  [
                    {
                      "textAlign": "left",
                    },
                    {
                      "color": "rgba(28, 27, 31, 1)",
                      "writingDirection": "ltr",
                    },
                    [
                      {
                        "fontFamily": "System",
                        "fontSize": 14,
                        "fontWeight": "500",
                        "letterSpacing": 0.1,
                        "lineHeight": 20,
                      },
                      [
                        {
                          "marginHorizontal": 16,
                          "marginVertical": 9,
                          "textAlign": "center",
                        },
                        false,
                        {
                          "marginHorizontal": 24,
                          "marginVertical": 10,
                        },
                        undefined,
                        false,
                        {
                          "color": "rgba(103, 80, 164, 1)",
                          "fontFamily": "System",
                          "fontSize": 14,
                          "fontWeight": "500",
                          "letterSpacing": 0.1,
                          "lineHeight": 20,
                        },
                        undefined,
                      ],
                    ],
                  ]
                }
                testID="button-text"
              >
                Open menu
              </Text>
            </View>
          </View>
        </View>
      </View>
    </View>
  </View>,
  <View
    collapsable={false}
    pointerEvents="box-none"
    style={
      {
        "bottom": 0,
        "left": 0,
        "position": "absolute",
        "right": 0,
        "top": 0,
      }
    }
  >
    <View
      accessibilityLabel="Close menu"
      accessibilityRole="button"
      accessibilityState={
        {
          "busy": undefined,
          "checked": undefined,
          "disabled": undefined,
          "expanded": undefined,
          "selected": undefined,
        }
      }
      accessibilityValue={
        {
          "max": undefined,
          "min": undefined,
          "now": undefined,
          "text": undefined,
        }
      }
      accessible={true}
      collapsable={false}
      focusable={true}
      onBlur={[Function]}
      onClick={[Function]}
      onFocus={[Function]}
      onResponderGrant={[Function]}
      onResponderMove={[Function]}
      onResponderRelease={[Function]}
      onResponderTerminate={[Function]}
      onResponderTerminationRequest={[Function]}
      onStartShouldSetResponder={[Function]}
      style={
        {
          "bottom": 0,
          "left": 0,
          "position": "absolute",
          "right": 0,
          "top": 0,
          "width": "100%",
        }
      }
    />
    <View
      accessibilityViewIsModal={true}
      collapsable={false}
      onAccessibilityEscape={[MockFunction]}
      pointerEvents="box-none"
      style={
        [
          {
            "position": "absolute",
          },
          {
            "left": 8,
            "top": 8,
          },
          undefined,
        ]
      }
      testID="menu-view"
    >
      <View
        collapsable={false}
        pointerEvents="box-none"
        style={
          {
            "transform": [
              {
                "translateX": -0,
              },
              {
                "translateY": -0,
              },
            ],
          }
        }
      >
        <View
          collapsable={false}
          style={
            {
              "backgroundColor": "rgb(243, 237, 246)",
              "borderRadius": 4,
              "opacity": 0,
              "shadowColor": "#000",
              "shadowOffset": {
                "height": 2,
                "width": 0,
              },
              "shadowOpacity": 0.15,
              "shadowRadius": 6,
              "transform": [
                {
                  "scaleX": 0,
                },
                {
                  "scaleY": 0,
                },
              ],
            }
          }
          testID="menu-surface-outer-layer"
        >
          <View
            collapsable={false}
            pointerEvents="box-none"
            style={
              {
                "backgroundColor": "rgb(243, 237, 246)",
                "borderRadius": 4,
                "flex": undefined,
                "paddingVertical": 8,
                "shadowColor": "#000",
                "shadowOffset": {
                  "height": 1,
                  "width": 0,
                },
                "shadowOpacity": 0.3,
                "shadowRadius": 2,
              }
            }
            testID="menu-surface"
          >
            <View
              accessibilityRole="menuitem"
              accessibilityState={
                {
                  "busy": undefined,
                  "checked": undefined,
                  "disabled": false,
                  "expanded": undefined,
                  "selected": undefined,
                }
              }
              accessibilityValue={
                {
                  "max": undefined,
                  "min": undefined,
                  "now": undefined,
                  "text": undefined,
                }
              }
              accessible={true}
              collapsable={false}
              focusable={true}
              onBlur={[Function]}
              onClick={[Function]}
              onFocus={[Function]}
              onResponderGrant={[Function]}
              onResponderMove={[Function]}
              onResponderRelease={[Function]}
              onResponderTerminate={[Function]}
              onResponderTerminationRequest={[Function]}
              onStartShouldSetResponder={[Function]}
              style={
                [
                  false,
                  [
                    {
                      "height": 48,
                      "justifyContent": "center",
                      "maxWidth": 280,
                      "minWidth": 112,
                    },
                    {
                      "paddingHorizontal": 12,
                    },
                    undefined,
                    undefined,
                  ],
                ]
              }
              testID="menu-item"
            >
              <View
                style={
                  [
                    {
                      "flexDirection": "row",
                    },
                    undefined,
                  ]
                }
              >
                <View
                  pointerEvents="none"
                  style={
                    [
                      false,
                      {
                        "justifyContent": "center",
                      },
                      {
                        "maxWidth": 268,
                        "minWidth": 100,
                      },
                      {
                        "marginLeft": 4,
                      },
                      undefined,
                    ]
                  }
                >
                  <Text
                    maxFontSizeMultiplier={1.5}
                    numberOfLines={1}
                    selectable={false}
                    style={
                      [
                        {
                          "textAlign": "left",
                        },
                        {
                          "color": "rgba(28, 27, 31, 1)",
                          "writingDirection": "ltr",
                        },
                        [
                          {
                            "fontFamily": "System",
                            "fontSize": 16,
                            "fontWeight": "400",
                            "letterSpacing": 0.15,
                            "lineHeight": 24,
                          },
                          [
                            false,
                            {
                              "color": "rgba(28, 27, 31, 1)",
                              "fontFamily": "System",
                              "fontSize": 16,
                              "fontWeight": "400",
                              "letterSpacing": 0.15,
                              "lineHeight": 24,
                            },
                            undefined,
                          ],
                        ],
                      ]
                    }
                    testID="menu-item-title"
                  >
                    Undo
                  </Text>
                </View>
              </View>
            </View>
            <View
              accessibilityRole="menuitem"
              accessibilityState={
                {
                  "busy": undefined,
                  "checked": undefined,
                  "disabled": false,
                  "expanded": undefined,
                  "selected": undefined,
                }
              }
              accessibilityValue={
                {
                  "max": undefined,
                  "min": undefined,
                  "now": undefined,
                  "text": undefined,
                }
              }
              accessible={true}
              collapsable={false}
              focusable={true}
              onBlur={[Function]}
              onClick={[Function]}
              onFocus={[Function]}
              onResponderGrant={[Function]}
              onResponderMove={[Function]}
              onResponderRelease={[Function]}
              onResponderTerminate={[Function]}
              onResponderTerminationRequest={[Function]}
              onStartShouldSetResponder={[Function]}
              style={
                [
                  false,
                  [
                    {
                      "height": 48,
                      "justifyContent": "center",
                      "maxWidth": 280,
                      "minWidth": 112,
                    },
                    {
                      "paddingHorizontal": 12,
                    },
                    undefined,
                    undefined,
                  ],
                ]
              }
              testID="menu-item"
            >
              <View
                style={
                  [
                    {
                      "flexDirection": "row",
                    },
                    undefined,
                  ]
                }
              >
                <View
                  pointerEvents="none"
                  style={
                    [
                      false,
                      {
                        "justifyContent": "center",
                      },
                      {
                        "maxWidth": 268,
                        "minWidth": 100,
                      },
                      {
                        "marginLeft": 4,
                      },
                      undefined,
                    ]
                  }
                >
                  <Text
                    maxFontSizeMultiplier={1.5}
                    numberOfLines={1}
                    selectable={false}
                    style={
                      [
                        {
                          "textAlign": "left",
                        },
                        {
                          "color": "rgba(28, 27, 31, 1)",
                          "writingDirection": "ltr",
                        },
                        [
                          {
                            "fontFamily": "System",
                            "fontSize": 16,
                            "fontWeight": "400",
                            "letterSpacing": 0.15,
                            "lineHeight": 24,
                          },
                          [
                            false,
                            {
                              "color": "rgba(28, 27, 31, 1)",
                              "fontFamily": "System",
                              "fontSize": 16,
                              "fontWeight": "400",
                              "letterSpacing": 0.15,
                              "lineHeight": 24,
                            },
                            undefined,
                          ],
                        ],
                      ]
                    }
                    testID="menu-item-title"
                  >
                    Redo
                  </Text>
                </View>
              </View>
            </View>
          </View>
        </View>
      </View>
    </View>
  </View>,
]
`;
