// Jest Snapshot v1, https://goo.gl/fbAQLP

exports[`renders disabled switch 1`] = `
<RCTSwitch
  accessibilityRole="switch"
  disabled={true}
  onChange={[Function]}
  onResponderTerminationRequest={[Function]}
  onStartShouldSetResponder={[Function]}
  onTintColor="rgba(103, 80, 164, 1)"
  style={
    {
      "height": 31,
      "width": 51,
    }
  }
  tintColor="rgba(103, 80, 164, 1)"
  value={true}
/>
`;

exports[`renders off switch 1`] = `
<RCTSwitch
  accessibilityRole="switch"
  onChange={[Function]}
  onResponderTerminationRequest={[Function]}
  onStartShouldSetResponder={[Function]}
  onTintColor="rgba(103, 80, 164, 1)"
  style={
    {
      "height": 31,
      "width": 51,
    }
  }
  tintColor="rgba(103, 80, 164, 1)"
  value={false}
/>
`;

exports[`renders on switch 1`] = `
<RCTSwitch
  accessibilityRole="switch"
  onChange={[Function]}
  onResponderTerminationRequest={[Function]}
  onStartShouldSetResponder={[Function]}
  onTintColor="rgba(103, 80, 164, 1)"
  style={
    {
      "height": 31,
      "width": 51,
    }
  }
  tintColor="rgba(103, 80, 164, 1)"
  value={true}
/>
`;

exports[`renders switch with color 1`] = `
<RCTSwitch
  accessibilityRole="switch"
  onChange={[Function]}
  onResponderTerminationRequest={[Function]}
  onStartShouldSetResponder={[Function]}
  onTintColor="rgba(220, 54, 46, 1)"
  style={
    {
      "height": 31,
      "width": 51,
    }
  }
  tintColor="rgba(220, 54, 46, 1)"
  value={true}
/>
`;
